Component: ARM Compiler 5.06 update 7 (build 960) Tool: armlink [4d3601]

==============================================================================

Section Cross References

    main.o(i.BreathLEDTask) refers to stm32f10x_tim.o(i.TIM_SetCompare1) for TIM_SetCompare1
    main.o(i.BreathLEDTask) refers to tasks.o(i.vTaskDelay) for vTaskDelay
    main.o(i.LEDControlTask) refers to led.o(i.LED1_Toggle) for LED1_Toggle
    main.o(i.LEDControlTask) refers to tasks.o(i.vTaskDelay) for vTaskDelay
    main.o(i.MQTTTask) refers to esp8266.o(i.connectMQTT) for connectMQTT
    main.o(i.MQTTTask) refers to tasks.o(i.vTaskDelay) for vTaskDelay
    main.o(i.connectWifiTask) refers to esp8266.o(i.CloseATEAndConnectWifi) for CloseATEAndConnectWifi
    main.o(i.connectWifiTask) refers to tasks.o(i.vTaskDelete) for vTaskDelete
    main.o(i.dianjiTask) refers to tasks.o(i.vTaskDelay) for vTaskDelay
    main.o(i.main) refers to usart_model.o(i.USART1_Init) for USART1_Init
    main.o(i.main) refers to breathled.o(i.BreathLEDInit) for BreathLEDInit
    main.o(i.main) refers to dianji.o(i.dianjiInit) for dianjiInit
    main.o(i.main) refers to led.o(i.LED_Init) for LED_Init
    main.o(i.main) refers to tasks.o(i.xTaskCreate) for xTaskCreate
    main.o(i.main) refers to tasks.o(i.vTaskStartScheduler) for vTaskStartScheduler
    main.o(i.main) refers to main.o(.data) for BreathHandler
    main.o(i.main) refers to main.o(i.BreathLEDTask) for BreathLEDTask
    main.o(i.main) refers to main.o(i.connectWifiTask) for connectWifiTask
    main.o(i.main) refers to main.o(i.MQTTTask) for MQTTTask
    main.o(i.main) refers to main.o(i.dianjiTask) for dianjiTask
    main.o(i.main) refers to main.o(i.LEDControlTask) for LEDControlTask
    delay.o(i.Delay_ms) refers to delay.o(i.Delay_us) for Delay_us
    delay.o(i.Delay_s) refers to delay.o(i.Delay_ms) for Delay_ms
    led.o(i.LED1_OFF) refers to stm32f10x_gpio.o(i.GPIO_ResetBits) for GPIO_ResetBits
    led.o(i.LED1_ON) refers to stm32f10x_gpio.o(i.GPIO_SetBits) for GPIO_SetBits
    led.o(i.LED1_Toggle) refers to stm32f10x_gpio.o(i.GPIO_ReadOutputDataBit) for GPIO_ReadOutputDataBit
    led.o(i.LED1_Toggle) refers to led.o(i.LED1_OFF) for LED1_OFF
    led.o(i.LED1_Toggle) refers to led.o(i.LED1_ON) for LED1_ON
    led.o(i.LED2_OFF) refers to stm32f10x_gpio.o(i.GPIO_ResetBits) for GPIO_ResetBits
    led.o(i.LED2_ON) refers to stm32f10x_gpio.o(i.GPIO_SetBits) for GPIO_SetBits
    led.o(i.LED2_Toggle) refers to stm32f10x_gpio.o(i.GPIO_ReadOutputDataBit) for GPIO_ReadOutputDataBit
    led.o(i.LED2_Toggle) refers to led.o(i.LED2_OFF) for LED2_OFF
    led.o(i.LED2_Toggle) refers to led.o(i.LED2_ON) for LED2_ON
    led.o(i.LED_Init) refers to stm32f10x_rcc.o(i.RCC_APB2PeriphClockCmd) for RCC_APB2PeriphClockCmd
    led.o(i.LED_Init) refers to stm32f10x_gpio.o(i.GPIO_Init) for GPIO_Init
    led.o(i.LED_Init) refers to stm32f10x_gpio.o(i.GPIO_ResetBits) for GPIO_ResetBits
    oled.o(i.OLED_Clear) refers to oled.o(i.OLED_SetCursor) for OLED_SetCursor
    oled.o(i.OLED_Clear) refers to oled.o(i.OLED_WriteData) for OLED_WriteData
    oled.o(i.OLED_I2C_Init) refers to stm32f10x_rcc.o(i.RCC_APB2PeriphClockCmd) for RCC_APB2PeriphClockCmd
    oled.o(i.OLED_I2C_Init) refers to stm32f10x_gpio.o(i.GPIO_Init) for GPIO_Init
    oled.o(i.OLED_I2C_Init) refers to stm32f10x_gpio.o(i.GPIO_WriteBit) for GPIO_WriteBit
    oled.o(i.OLED_I2C_SendByte) refers to stm32f10x_gpio.o(i.GPIO_WriteBit) for GPIO_WriteBit
    oled.o(i.OLED_I2C_Start) refers to stm32f10x_gpio.o(i.GPIO_WriteBit) for GPIO_WriteBit
    oled.o(i.OLED_I2C_Stop) refers to stm32f10x_gpio.o(i.GPIO_WriteBit) for GPIO_WriteBit
    oled.o(i.OLED_Init) refers to oled.o(i.OLED_I2C_Init) for OLED_I2C_Init
    oled.o(i.OLED_Init) refers to oled.o(i.OLED_WriteCommand) for OLED_WriteCommand
    oled.o(i.OLED_Init) refers to oled.o(i.OLED_Clear) for OLED_Clear
    oled.o(i.OLED_SetCursor) refers to oled.o(i.OLED_WriteCommand) for OLED_WriteCommand
    oled.o(i.OLED_ShowBinNum) refers to oled.o(i.OLED_Pow) for OLED_Pow
    oled.o(i.OLED_ShowBinNum) refers to oled.o(i.OLED_ShowChar) for OLED_ShowChar
    oled.o(i.OLED_ShowChar) refers to oled.o(i.OLED_SetCursor) for OLED_SetCursor
    oled.o(i.OLED_ShowChar) refers to oled.o(i.OLED_WriteData) for OLED_WriteData
    oled.o(i.OLED_ShowChar) refers to oled.o(.constdata) for OLED_F8x16
    oled.o(i.OLED_ShowHexNum) refers to oled.o(i.OLED_Pow) for OLED_Pow
    oled.o(i.OLED_ShowHexNum) refers to oled.o(i.OLED_ShowChar) for OLED_ShowChar
    oled.o(i.OLED_ShowNum) refers to oled.o(i.OLED_Pow) for OLED_Pow
    oled.o(i.OLED_ShowNum) refers to oled.o(i.OLED_ShowChar) for OLED_ShowChar
    oled.o(i.OLED_ShowSignedNum) refers to oled.o(i.OLED_ShowChar) for OLED_ShowChar
    oled.o(i.OLED_ShowSignedNum) refers to oled.o(i.OLED_Pow) for OLED_Pow
    oled.o(i.OLED_ShowString) refers to oled.o(i.OLED_ShowChar) for OLED_ShowChar
[...]
    Removing stm32f10x_tim.o(i.TIM_CCPreloadControl), (24 bytes).
    Removing stm32f10x_tim.o(i.TIM_CCxCmd), (30 bytes).
    Removing stm32f10x_tim.o(i.TIM_CCxNCmd), (30 bytes).
    Removing stm32f10x_tim.o(i.TIM_ClearITPendingBit), (6 bytes).
    Removing stm32f10x_tim.o(i.TIM_ClearOC1Ref), (18 bytes).
    Removing stm32f10x_tim.o(i.TIM_ClearOC2Ref), (24 bytes).
    Removing stm32f10x_tim.o(i.TIM_ClearOC3Ref), (18 bytes).
    Removing stm32f10x_tim.o(i.TIM_ClearOC4Ref), (24 bytes).
    Removing stm32f10x_tim.o(i.TIM_CounterModeConfig), (18 bytes).
    Removing stm32f10x_tim.o(i.TIM_CtrlPWMOutputs), (30 bytes).
    Removing stm32f10x_tim.o(i.TIM_DMACmd), (18 bytes).
    Removing stm32f10x_tim.o(i.TIM_DMAConfig), (10 bytes).
    Removing stm32f10x_tim.o(i.TIM_DeInit), (488 bytes).
    Removing stm32f10x_tim.o(i.TIM_ETRClockMode1Config), (54 bytes).
    Removing stm32f10x_tim.o(i.TIM_ETRClockMode2Config), (32 bytes).
    Removing stm32f10x_tim.o(i.TIM_ETRConfig), (28 bytes).
    Removing stm32f10x_tim.o(i.TIM_EncoderInterfaceConfig), (66 bytes).
    Removing stm32f10x_tim.o(i.TIM_ForcedOC1Config), (18 bytes).
    Removing stm32f10x_tim.o(i.TIM_ForcedOC2Config), (26 bytes).
    Removing stm32f10x_tim.o(i.TIM_ForcedOC3Config), (18 bytes).
    Removing stm32f10x_tim.o(i.TIM_ForcedOC4Config), (26 bytes).
    Removing stm32f10x_tim.o(i.TIM_GenerateEvent), (4 bytes).
    Removing stm32f10x_tim.o(i.TIM_GetCapture1), (6 bytes).
    Removing stm32f10x_tim.o(i.TIM_GetCapture2), (6 bytes).
    Removing stm32f10x_tim.o(i.TIM_GetCapture3), (6 bytes).
    Removing stm32f10x_tim.o(i.TIM_GetCapture4), (8 bytes).
    Removing stm32f10x_tim.o(i.TIM_GetCounter), (6 bytes).
    Removing stm32f10x_tim.o(i.TIM_GetFlagStatus), (18 bytes).
    Removing stm32f10x_tim.o(i.TIM_GetITStatus), (34 bytes).
    Removing stm32f10x_tim.o(i.TIM_GetPrescaler), (6 bytes).
    Removing stm32f10x_tim.o(i.TIM_ICInit), (172 bytes).
    Removing stm32f10x_tim.o(i.TIM_ICStructInit), (18 bytes).
    Removing stm32f10x_tim.o(i.TIM_ITConfig), (18 bytes).
    Removing stm32f10x_tim.o(i.TIM_ITRxExternalClockConfig), (24 bytes).
    Removing stm32f10x_tim.o(i.TIM_OC1FastConfig), (18 bytes).
    Removing stm32f10x_tim.o(i.TIM_OC1NPolarityConfig), (18 bytes).
    Removing stm32f10x_tim.o(i.TIM_OC1PolarityConfig), (18 bytes).
    Removing stm32f10x_tim.o(i.TIM_OC1PreloadConfig), (18 bytes).
    Removing stm32f10x_tim.o(i.TIM_OC2FastConfig), (26 bytes).
    Removing stm32f10x_tim.o(i.TIM_OC2NPolarityConfig), (26 bytes).
    Removing stm32f10x_tim.o(i.TIM_OC2PolarityConfig), (26 bytes).
    Removing stm32f10x_tim.o(i.TIM_OC2PreloadConfig), (26 bytes).
    Removing stm32f10x_tim.o(i.TIM_OC3FastConfig), (18 bytes).
    Removing stm32f10x_tim.o(i.TIM_OC3Init), (160 bytes).
    Removing stm32f10x_tim.o(i.TIM_OC3NPolarityConfig), (26 bytes).
    Removing stm32f10x_tim.o(i.TIM_OC3PolarityConfig), (26 bytes).
    Removing stm32f10x_tim.o(i.TIM_OC3PreloadConfig), (18 bytes).
    Removing stm32f10x_tim.o(i.TIM_OC4FastConfig), (26 bytes).
    Removing stm32f10x_tim.o(i.TIM_OC4Init), (124 bytes).
    Removing stm32f10x_tim.o(i.TIM_OC4PolarityConfig), (26 bytes).
    Removing stm32f10x_tim.o(i.TIM_OC4PreloadConfig), (26 bytes).
    Removing stm32f10x_tim.o(i.TIM_PWMIConfig), (124 bytes).
    Removing stm32f10x_tim.o(i.TIM_PrescalerConfig), (6 bytes).
    Removing stm32f10x_tim.o(i.TIM_SelectCCDMA), (24 bytes).
    Removing stm32f10x_tim.o(i.TIM_SelectCOM), (24 bytes).
    Removing stm32f10x_tim.o(i.TIM_SelectHallSensor), (24 bytes).
    Removing stm32f10x_tim.o(i.TIM_SelectInputTrigger), (18 bytes).
    Removing stm32f10x_tim.o(i.TIM_SelectMasterSlaveMode), (18 bytes).
    Removing stm32f10x_tim.o(i.TIM_SelectOCxM), (82 bytes).
    Removing stm32f10x_tim.o(i.TIM_SelectOnePulseMode), (18 bytes).
    Removing stm32f10x_tim.o(i.TIM_SelectOutputTrigger), (18 bytes).
    Removing stm32f10x_tim.o(i.TIM_SelectSlaveMode), (18 bytes).
    Removing stm32f10x_tim.o(i.TIM_SetAutoreload), (4 bytes).
    Removing stm32f10x_tim.o(i.TIM_SetClockDivision), (18 bytes).
    Removing stm32f10x_tim.o(i.TIM_SetCompare2), (4 bytes).
    Removing stm32f10x_tim.o(i.TIM_SetCompare3), (4 bytes).
    Removing stm32f10x_tim.o(i.TIM_SetCompare4), (6 bytes).
    Removing stm32f10x_tim.o(i.TIM_SetCounter), (4 bytes).
    Removing stm32f10x_tim.o(i.TIM_SetIC1Prescaler), (18 bytes).
    Removing stm32f10x_tim.o(i.TIM_SetIC2Prescaler), (26 bytes).
    Removing stm32f10x_tim.o(i.TIM_SetIC3Prescaler), (18 bytes).
    Removing stm32f10x_tim.o(i.TIM_SetIC4Prescaler), (26 bytes).
    Removing stm32f10x_tim.o(i.TIM_TIxExternalClockConfig), (62 bytes).
    Removing stm32f10x_tim.o(i.TIM_TimeBaseStructInit), (18 bytes).
    Removing stm32f10x_tim.o(i.TIM_UpdateDisableConfig), (24 bytes).
    Removing stm32f10x_tim.o(i.TIM_UpdateRequestConfig), (24 bytes).
    Removing stm32f10x_usart.o(.rev16_text), (4 bytes).
    Removing stm32f10x_usart.o(.revsh_text), (4 bytes).
    Removing stm32f10x_usart.o(.rrx_text), (6 bytes).
    Removing stm32f10x_usart.o(i.USART_ClearFlag), (18 bytes).
    Removing stm32f10x_usart.o(i.USART_ClearITPendingBit), (30 bytes).
    Removing stm32f10x_usart.o(i.USART_ClockInit), (34 bytes).
    Removing stm32f10x_usart.o(i.USART_ClockStructInit), (12 bytes).
    Removing stm32f10x_usart.o(i.USART_DeInit), (156 bytes).
    Removing stm32f10x_usart.o(i.USART_HalfDuplexCmd), (24 bytes).
    Removing stm32f10x_usart.o(i.USART_IrDACmd), (24 bytes).
    Removing stm32f10x_usart.o(i.USART_IrDAConfig), (18 bytes).
    Removing stm32f10x_usart.o(i.USART_LINBreakDetectLengthConfig), (18 bytes).
    Removing stm32f10x_usart.o(i.USART_LINCmd), (24 bytes).
    Removing stm32f10x_usart.o(i.USART_OneBitMethodCmd), (24 bytes).
    Removing stm32f10x_usart.o(i.USART_OverSampling8Cmd), (22 bytes).
    Removing stm32f10x_usart.o(i.USART_ReceiveData), (10 bytes).
    Removing stm32f10x_usart.o(i.USART_ReceiverWakeUpCmd), (24 bytes).
    Removing stm32f10x_usart.o(i.USART_SendBreak), (10 bytes).
    Removing stm32f10x_usart.o(i.USART_SetAddress), (18 bytes).
    Removing stm32f10x_usart.o(i.USART_SetGuardTime), (16 bytes).
    Removing stm32f10x_usart.o(i.USART_SetPrescaler), (16 bytes).
    Removing stm32f10x_usart.o(i.USART_SmartCardCmd), (24 bytes).
    Removing stm32f10x_usart.o(i.USART_SmartCardNACKCmd), (24 bytes).
    Removing stm32f10x_usart.o(i.USART_StructInit), (24 bytes).
    Removing stm32f10x_usart.o(i.USART_WakeUpConfig), (18 bytes).
    Removing stm32f10x_wwdg.o(.rev16_text), (4 bytes).
    Removing stm32f10x_wwdg.o(.revsh_text), (4 bytes).
    Removing stm32f10x_wwdg.o(.rrx_text), (6 bytes).
    Removing stm32f10x_wwdg.o(i.WWDG_ClearFlag), (12 bytes).
    Removing stm32f10x_wwdg.o(i.WWDG_DeInit), (22 bytes).
    Removing stm32f10x_wwdg.o(i.WWDG_Enable), (16 bytes).
    Removing stm32f10x_wwdg.o(i.WWDG_EnableIT), (12 bytes).
    Removing stm32f10x_wwdg.o(i.WWDG_GetFlagStatus), (12 bytes).
    Removing stm32f10x_wwdg.o(i.WWDG_SetCounter), (16 bytes).
    Removing stm32f10x_wwdg.o(i.WWDG_SetPrescaler), (24 bytes).
    Removing stm32f10x_wwdg.o(i.WWDG_SetWindowValue), (40 bytes).
    Removing startup_stm32f10x_md.o(HEAP), (1024 bytes).
    Removing system_stm32f10x.o(.rev16_text), (4 bytes).
    Removing system_stm32f10x.o(.revsh_text), (4 bytes).
    Removing system_stm32f10x.o(.rrx_text), (6 bytes).
    Removing system_stm32f10x.o(i.SystemCoreClockUpdate), (164 bytes).
    Removing system_stm32f10x.o(.data), (20 bytes).
    Removing dflti.o(.text), (34 bytes).
    Removing dfixi.o(.text), (62 bytes).
    Removing dfixui.o(.text), (50 bytes).
    Removing cdcmple.o(.text), (48 bytes).
    Removing dfltul.o(.text), (24 bytes).
    Removing d2f.o(.text), (56 bytes).
    Removing fepilogue.o(.text), (110 bytes).

819 unused section(s) (total 43031 bytes) removed from the image.

==============================================================================

Image Symbol Table

    Local Symbols

    Symbol Name                              Value     Ov Type        Size  Object(Section)

    ../clib/microlib/ctype/ctype.c           0x00000000   Number         0  isspace_c.o ABSOLUTE
    ../clib/microlib/ctype/ctype.c           0x00000000   Number         0  ctype_c.o ABSOLUTE
    ../clib/microlib/ctype/tolower.c         0x00000000   Number         0  tolower.o ABSOLUTE
    ../clib/microlib/division.c              0x00000000   Number         0  uidiv.o ABSOLUTE
    ../clib/microlib/division.c              0x00000000   Number         0  uldiv.o ABSOLUTE
    ../clib/microlib/init/entry.s            0x00000000   Number         0  entry2.o ABSOLUTE
    ../clib/microlib/init/entry.s            0x00000000   Number         0  entry9a.o ABSOLUTE
    ../clib/microlib/init/entry.s            0x00000000   Number         0  entry12b.o ABSOLUTE
    ../clib/microlib/init/entry.s            0x00000000   Number         0  entry7b.o ABSOLUTE
    ../clib/microlib/init/entry.s            0x00000000   Number         0  entry7a.o ABSOLUTE
    ../clib/microlib/init/entry.s            0x00000000   Number         0  entry8b.o ABSOLUTE
    ../clib/microlib/init/entry.s            0x00000000   Number         0  entry12a.o ABSOLUTE
    ../clib/microlib/init/entry.s            0x00000000   Number         0  entry11b.o ABSOLUTE
    ../clib/microlib/init/entry.s            0x00000000   Number         0  entry11a.o ABSOLUTE
    ../clib/microlib/init/entry.s            0x00000000   Number         0  entry10b.o ABSOLUTE
    ../clib/microlib/init/entry.s            0x00000000   Number         0  entry8a.o ABSOLUTE
    ../clib/microlib/init/entry.s            0x00000000   Number         0  entry10a.o ABSOLUTE
    ../clib/microlib/init/entry.s            0x00000000   Number         0  entry5.o ABSOLUTE
    ../clib/microlib/init/entry.s            0x00000000   Number         0  entry.o ABSOLUTE
    ../clib/microlib/init/entry.s            0x00000000   Number         0  entry9b.o ABSOLUTE
    ../clib/microlib/longlong.c              0x00000000   Number         0  llsshr.o ABSOLUTE
    ../clib/microlib/longlong.c              0x00000000   Number         0  llshl.o ABSOLUTE
    ../clib/microlib/longlong.c              0x00000000   Number         0  llushr.o ABSOLUTE
    ../clib/microlib/malloc/malloc.c         0x00000000   Number         0  mallocra.o ABSOLUTE
    ../clib/microlib/malloc/malloc.c         0x00000000   Number         0  malloc.o ABSOLUTE
    ../clib/microlib/malloc/malloc.c         0x00000000   Number         0  mallocr.o ABSOLUTE
    ../clib/microlib/malloc/malloc.c         0x00000000   Number         0  malloca.o ABSOLUTE
    ../clib/microlib/malloc/mvars.c          0x00000000   Number         0  mvars.o ABSOLUTE
    ../clib/microlib/printf/printf.c         0x00000000   Number         0  printf0.o ABSOLUTE
    ../clib/microlib/printf/printf.c         0x00000000   Number         0  printfb.o ABSOLUTE
    ../clib/microlib/printf/printf.c         0x00000000   Number         0  printfa.o ABSOLUTE
    ../clib/microlib/printf/printf.c         0x00000000   Number         0  printf2.o ABSOLUTE
    ../clib/microlib/printf/printf.c         0x00000000   Number         0  printf1.o ABSOLUTE
    ../clib/microlib/printf/printf.c         0x00000000   Number         0  printf8.o ABSOLUTE
    ../clib/microlib/printf/printf.c         0x00000000   Number         0  printf4.o ABSOLUTE
    ../clib/microlib/printf/printf.c         0x00000000   Number         0  printf7.o ABSOLUTE
    ../clib/microlib/printf/printf.c         0x00000000   Number         0  printf5.o ABSOLUTE
    ../clib/microlib/printf/printf.c         0x00000000   Number         0  printf6.o ABSOLUTE
    ../clib/microlib/printf/printf.c         0x00000000   Number         0  printf3.o ABSOLUTE
    ../clib/microlib/printf/stubs.s          0x00000000   Number         0  stubs.o ABSOLUTE
    ../clib/microlib/stdio/streams.c         0x00000000   Number         0  stdout.o ABSOLUTE
    ../clib/microlib/string/memcpy.c         0x00000000   Number         0  memcpya.o ABSOLUTE
    ../clib/microlib/string/memcpy.c         0x00000000   Number         0  memcpyb.o ABSOLUTE
    ../clib/microlib/string/memset.c         0x00000000   Number         0  memseta.o ABSOLUTE
    ../clib/microlib/string/strcat.c         0x00000000   Number         0  strcat.o ABSOLUTE
    ../clib/microlib/string/strchr.c         0x00000000   Number         0  strchr.o ABSOLUTE
    ../clib/microlib/string/strcmp.c         0x00000000   Number         0  strcmp.o ABSOLUTE
    ../clib/microlib/string/strcpy.c         0x00000000   Number         0  strcpy.o ABSOLUTE
    ../clib/microlib/string/strlen.c         0x00000000   Number         0  strlen.o ABSOLUTE
    ../clib/microlib/string/strncmp.c        0x00000000   Number         0  strncmp.o ABSOLUTE
    ../clib/microlib/string/strncpy.c        0x00000000   Number         0  strncpy.o ABSOLUTE
    ../clib/microlib/string/strrchr.c        0x00000000   Number         0  strrchr.o ABSOLUTE
    ../clib/microlib/string/strstr.c         0x00000000   Number         0  strstr.o ABSOLUTE
    ../clib/microlib/stubs.s                 0x00000000   Number         0  iusefp.o ABSOLUTE
    ../clib/scanf.c                          0x00000000   Number         0  scanf_char.o ABSOLUTE
    ../clib/scanf.c                          0x00000000   Number         0  _sgetc.o ABSOLUTE
    ../clib/scanf.c                          0x00000000   Number         0  strtod.o ABSOLUTE
    ../clib/scanf.c                          0x00000000   Number         0  _scanf.o ABSOLUTE
    ../clib/scanf.c                          0x00000000   Number         0  scanf_fp.o ABSOLUTE
    ../clib/scanf.c                          0x00000000   Number         0  __0sscanf.o ABSOLUTE
    ../fplib/microlib/d2f.c                  0x00000000   Number         0  d2f.o ABSOLUTE
    ../fplib/microlib/f2d.c                  0x00000000   Number         0  f2d.o ABSOLUTE
    ../fplib/microlib/fpadd.c                0x00000000   Number         0  dadd.o ABSOLUTE
    ../fplib/microlib/fpdiv.c                0x00000000   Number         0  ddiv.o ABSOLUTE
    ../fplib/microlib/fpepilogue.c           0x00000000   Number         0  depilogue.o ABSOLUTE
    ../fplib/microlib/fpepilogue.c           0x00000000   Number         0  fepilogue.o ABSOLUTE
    ../fplib/microlib/fpfix.c                0x00000000   Number         0  dfixi.o ABSOLUTE
    ../fplib/microlib/fpfix.c                0x00000000   Number         0  dfixui.o ABSOLUTE
    ../fplib/microlib/fpfix.c                0x00000000   Number         0  dfixul.o ABSOLUTE
    ../fplib/microlib/fpflt.c                0x00000000   Number         0  dflti.o ABSOLUTE
    ../fplib/microlib/fpflt.c                0x00000000   Number         0  dfltul.o ABSOLUTE
    ../fplib/microlib/fpmul.c                0x00000000   Number         0  dmul.o ABSOLUTE
    ../mathlib/strtod.c                      0x00000000   Number         0  strtod.o ABSOLUTE
    FreeRTOS\\port\\port.c                   0x00000000   Number         0  port.o ABSOLUTE
    FreeRTOS\port\heap_4.c                   0x00000000   Number         0  heap_4.o ABSOLUTE
    FreeRTOS\port\port.c                     0x00000000   Number         0  port.o ABSOLUTE
    FreeRTOS\src\croutine.c                  0x00000000   Number         0  croutine.o ABSOLUTE
    FreeRTOS\src\event_groups.c              0x00000000   Number         0  event_groups.o ABSOLUTE
    FreeRTOS\src\list.c                      0x00000000   Number         0  list.o ABSOLUTE
    FreeRTOS\src\queue.c                     0x00000000   Number         0  queue.o ABSOLUTE
    FreeRTOS\src\stream_buffer.c             0x00000000   Number         0  stream_buffer.o ABSOLUTE
    FreeRTOS\src\tasks.c                     0x00000000   Number         0  tasks.o ABSOLUTE
    FreeRTOS\src\timers.c                    0x00000000   Number         0  timers.o ABSOLUTE
    H:/STM32/Keil5/packs/Keil/STM32F1xx_DFP/2.4.1/Device/StdPeriph_Driver/src/misc.c 0x00000000   Number         0  misc.o ABSOLUTE
    H:/STM32/Keil5/packs/Keil/STM32F1xx_DFP/2.4.1/Device/StdPeriph_Driver/src/stm32f10x_adc.c 0x00000000   Number         0  stm32f10x_adc.o ABSOLUTE
    H:/STM32/Keil5/packs/Keil/STM32F1xx_DFP/2.4.1/Device/StdPeriph_Driver/src/stm32f10x_bkp.c 0x00000000   Number         0  stm32f10x_bkp.o ABSOLUTE
    H:/STM32/Keil5/packs/Keil/STM32F1xx_DFP/2.4.1/Device/StdPeriph_Driver/src/stm32f10x_can.c 0x00000000   Number         0  stm32f10x_can.o ABSOLUTE
    H:/STM32/Keil5/packs/Keil/STM32F1xx_DFP/2.4.1/Device/StdPeriph_Driver/src/stm32f10x_cec.c 0x00000000   Number         0  stm32f10x_cec.o ABSOLUTE
    H:/STM32/Keil5/packs/Keil/STM32F1xx_DFP/2.4.1/Device/StdPeriph_Driver/src/stm32f10x_crc.c 0x00000000   Number         0  stm32f10x_crc.o ABSOLUTE
    H:/STM32/Keil5/packs/Keil/STM32F1xx_DFP/2.4.1/Device/StdPeriph_Driver/src/stm32f10x_dac.c 0x00000000   Number         0  stm32f10x_dac.o ABSOLUTE
    H:/STM32/Keil5/packs/Keil/STM32F1xx_DFP/2.4.1/Device/StdPeriph_Driver/src/stm32f10x_dbgmcu.c 0x00000000   Number         0  stm32f10x_dbgmcu.o ABSOLUTE
    H:/STM32/Keil5/packs/Keil/STM32F1xx_DFP/2.4.1/Device/StdPeriph_Driver/src/stm32f10x_dma.c 0x00000000   Number         0  stm32f10x_dma.o ABSOLUTE
    H:/STM32/Keil5/packs/Keil/STM32F1xx_DFP/2.4.1/Device/StdPeriph_Driver/src/stm32f10x_exti.c 0x00000000   Number         0  stm32f10x_exti.o ABSOLUTE
    H:/STM32/Keil5/packs/Keil/STM32F1xx_DFP/2.4.1/Device/StdPeriph_Driver/src/stm32f10x_flash.c 0x00000000   Number         0  stm32f10x_flash.o ABSOLUTE
    H:/STM32/Keil5/packs/Keil/STM32F1xx_DFP/2.4.1/Device/StdPeriph_Driver/src/stm32f10x_fsmc.c 0x00000000   Number         0  stm32f10x_fsmc.o ABSOLUTE
    H:/STM32/Keil5/packs/Keil/STM32F1xx_DFP/2.4.1/Device/StdPeriph_Driver/src/stm32f10x_gpio.c 0x00000000   Number         0  stm32f10x_gpio.o ABSOLUTE
    H:/STM32/Keil5/packs/Keil/STM32F1xx_DFP/2.4.1/Device/StdPeriph_Driver/src/stm32f10x_i2c.c 0x00000000   Number         0  stm32f10x_i2c.o ABSOLUTE
    H:/STM32/Keil5/packs/Keil/STM32F1xx_DFP/2.4.1/Device/StdPeriph_Driver/src/stm32f10x_iwdg.c 0x00000000   Number         0  stm32f10x_iwdg.o ABSOLUTE
    H:/STM32/Keil5/packs/Keil/STM32F1xx_DFP/2.4.1/Device/StdPeriph_Driver/src/stm32f10x_pwr.c 0x00000000   Number         0  stm32f10x_pwr.o ABSOLUTE
    H:/STM32/Keil5/packs/Keil/STM32F1xx_DFP/2.4.1/Device/StdPeriph_Driver/src/stm32f10x_rcc.c 0x00000000   Number         0  stm32f10x_rcc.o ABSOLUTE
    H:/STM32/Keil5/packs/Keil/STM32F1xx_DFP/2.4.1/Device/StdPeriph_Driver/src/stm32f10x_rtc.c 0x00000000   Number         0  stm32f10x_rtc.o ABSOLUTE
    H:/STM32/Keil5/packs/Keil/STM32F1xx_DFP/2.4.1/Device/StdPeriph_Driver/src/stm32f10x_sdio.c 0x00000000   Number         0  stm32f10x_sdio.o ABSOLUTE
    H:/STM32/Keil5/packs/Keil/STM32F1xx_DFP/2.4.1/Device/StdPeriph_Driver/src/stm32f10x_spi.c 0x00000000   Number         0  stm32f10x_spi.o ABSOLUTE
    H:/STM32/Keil5/packs/Keil/STM32F1xx_DFP/2.4.1/Device/StdPeriph_Driver/src/stm32f10x_tim.c 0x00000000   Number         0  stm32f10x_tim.o ABSOLUTE
    H:/STM32/Keil5/packs/Keil/STM32F1xx_DFP/2.4.1/Device/StdPeriph_Driver/src/stm32f10x_usart.c 0x00000000   Number         0  stm32f10x_usart.o ABSOLUTE
    H:/STM32/Keil5/packs/Keil/STM32F1xx_DFP/2.4.1/Device/StdPeriph_Driver/src/stm32f10x_wwdg.c 0x00000000   Number         0  stm32f10x_wwdg.o ABSOLUTE
    H:/STM32/Keil5/packs/MDK-Packs/cJSON/1.0.0/cJSON.c 0x00000000   Number         0  cjson.o ABSOLUTE
    H:/STM32/Keil5/packs/MDK-Packs/cJSON/1.0.0/cJSON_Utils.c 0x00000000   Number         0  cjson_utils.o ABSOLUTE
    H:\STM32\Keil5\packs\Keil\STM32F1xx_DFP\2.4.1\Device\StdPeriph_Driver\src\misc.c 0x00000000   Number         0  misc.o ABSOLUTE
    H:\STM32\Keil5\packs\Keil\STM32F1xx_DFP\2.4.1\Device\StdPeriph_Driver\src\stm32f10x_adc.c 0x00000000   Number         0  stm32f10x_adc.o ABSOLUTE
    H:\STM32\Keil5\packs\Keil\STM32F1xx_DFP\2.4.1\Device\StdPeriph_Driver\src\stm32f10x_bkp.c 0x00000000   Number         0  stm32f10x_bkp.o ABSOLUTE
    H:\STM32\Keil5\packs\Keil\STM32F1xx_DFP\2.4.1\Device\StdPeriph_Driver\src\stm32f10x_can.c 0x00000000   Number         0  stm32f10x_can.o ABSOLUTE
    H:\STM32\Keil5\packs\Keil\STM32F1xx_DFP\2.4.1\Device\StdPeriph_Driver\src\stm32f10x_cec.c 0x00000000   Number         0  stm32f10x_cec.o ABSOLUTE
    H:\STM32\Keil5\packs\Keil\STM32F1xx_DFP\2.4.1\Device\StdPeriph_Driver\src\stm32f10x_crc.c 0x00000000   Number         0  stm32f10x_crc.o ABSOLUTE
    H:\STM32\Keil5\packs\Keil\STM32F1xx_DFP\2.4.1\Device\StdPeriph_Driver\src\stm32f10x_dac.c 0x00000000   Number         0  stm32f10x_dac.o ABSOLUTE
    H:\STM32\Keil5\packs\Keil\STM32F1xx_DFP\2.4.1\Device\StdPeriph_Driver\src\stm32f10x_dbgmcu.c 0x00000000   Number         0  stm32f10x_dbgmcu.o ABSOLUTE
    H:\STM32\Keil5\packs\Keil\STM32F1xx_DFP\2.4.1\Device\StdPeriph_Driver\src\stm32f10x_dma.c 0x00000000   Number         0  stm32f10x_dma.o ABSOLUTE
    H:\STM32\Keil5\packs\Keil\STM32F1xx_DFP\2.4.1\Device\StdPeriph_Driver\src\stm32f10x_exti.c 0x00000000   Number         0  stm32f10x_exti.o ABSOLUTE
    H:\STM32\Keil5\packs\Keil\STM32F1xx_DFP\2.4.1\Device\StdPeriph_Driver\src\stm32f10x_flash.c 0x00000000   Number         0  stm32f10x_flash.o ABSOLUTE
    H:\STM32\Keil5\packs\Keil\STM32F1xx_DFP\2.4.1\Device\StdPeriph_Driver\src\stm32f10x_fsmc.c 0x00000000   Number         0  stm32f10x_fsmc.o ABSOLUTE
    H:\STM32\Keil5\packs\Keil\STM32F1xx_DFP\2.4.1\Device\StdPeriph_Driver\src\stm32f10x_gpio.c 0x00000000   Number         0  stm32f10x_gpio.o ABSOLUTE
    H:\STM32\Keil5\packs\Keil\STM32F1xx_DFP\2.4.1\Device\StdPeriph_Driver\src\stm32f10x_i2c.c 0x00000000   Number         0  stm32f10x_i2c.o ABSOLUTE
    H:\STM32\Keil5\packs\Keil\STM32F1xx_DFP\2.4.1\Device\StdPeriph_Driver\src\stm32f10x_iwdg.c 0x00000000   Number         0  stm32f10x_iwdg.o ABSOLUTE
    H:\STM32\Keil5\packs\Keil\STM32F1xx_DFP\2.4.1\Device\StdPeriph_Driver\src\stm32f10x_pwr.c 0x00000000   Number         0  stm32f10x_pwr.o ABSOLUTE
    H:\STM32\Keil5\packs\Keil\STM32F1xx_DFP\2.4.1\Device\StdPeriph_Driver\src\stm32f10x_rcc.c 0x00000000   Number         0  stm32f10x_rcc.o ABSOLUTE
    H:\STM32\Keil5\packs\Keil\STM32F1xx_DFP\2.4.1\Device\StdPeriph_Driver\src\stm32f10x_rtc.c 0x00000000   Number         0  stm32f10x_rtc.o ABSOLUTE
    H:\STM32\Keil5\packs\Keil\STM32F1xx_DFP\2.4.1\Device\StdPeriph_Driver\src\stm32f10x_sdio.c 0x00000000   Number         0  stm32f10x_sdio.o ABSOLUTE
    H:\STM32\Keil5\packs\Keil\STM32F1xx_DFP\2.4.1\Device\StdPeriph_Driver\src\stm32f10x_spi.c 0x00000000   Number         0  stm32f10x_spi.o ABSOLUTE
    H:\STM32\Keil5\packs\Keil\STM32F1xx_DFP\2.4.1\Device\StdPeriph_Driver\src\stm32f10x_tim.c 0x00000000   Number         0  stm32f10x_tim.o ABSOLUTE
    H:\STM32\Keil5\packs\Keil\STM32F1xx_DFP\2.4.1\Device\StdPeriph_Driver\src\stm32f10x_usart.c 0x00000000   Number         0  stm32f10x_usart.o ABSOLUTE
    H:\STM32\Keil5\packs\Keil\STM32F1xx_DFP\2.4.1\Device\StdPeriph_Driver\src\stm32f10x_wwdg.c 0x00000000   Number         0  stm32f10x_wwdg.o ABSOLUTE
    Hardware\BreathLED.c                     0x00000000   Number         0  breathled.o ABSOLUTE
    Hardware\ESP8266.c                       0x00000000   Number         0  esp8266.o ABSOLUTE
    Hardware\Key.c                           0x00000000   Number         0  key.o ABSOLUTE
    Hardware\LED.c                           0x00000000   Number         0  led.o ABSOLUTE
    Hardware\OLED.c                          0x00000000   Number         0  oled.o ABSOLUTE
    Hardware\RTC_Controller.c                0x00000000   Number         0  rtc_controller.o ABSOLUTE
    Hardware\USART_Model.c                   0x00000000   Number         0  usart_model.o ABSOLUTE
    Hardware\\BreathLED.c                    0x00000000   Number         0  breathled.o ABSOLUTE
    Hardware\\ESP8266.c                      0x00000000   Number         0  esp8266.o ABSOLUTE
    Hardware\\Key.c                          0x00000000   Number         0  key.o ABSOLUTE
    Hardware\\LED.c                          0x00000000   Number         0  led.o ABSOLUTE
    Hardware\\OLED.c                         0x00000000   Number         0  oled.o ABSOLUTE
    Hardware\\RTC_Controller.c               0x00000000   Number         0  rtc_controller.o ABSOLUTE
    Hardware\\USART_Model.c                  0x00000000   Number         0  usart_model.o ABSOLUTE
    Hardware\\dianji.c                       0x00000000   Number         0  dianji.o ABSOLUTE
    Hardware\dianji.c                        0x00000000   Number         0  dianji.o ABSOLUTE
    RTE/Device/STM32F103C8/startup_stm32f10x_md.s 0x00000000   Number         0  startup_stm32f10x_md.o ABSOLUTE
    RTE/Device/STM32F103C8/system_stm32f10x.c 0x00000000   Number         0  system_stm32f10x.o ABSOLUTE
    RTE\Device\STM32F103C8\system_stm32f10x.c 0x00000000   Number         0  system_stm32f10x.o ABSOLUTE
    System\Delay.c                           0x00000000   Number         0  delay.o ABSOLUTE
    System\\Delay.c                          0x00000000   Number         0  delay.o ABSOLUTE
    User\\main.c                             0x00000000   Number         0  main.o ABSOLUTE
    User\main.c                              0x00000000   Number         0  main.o ABSOLUTE
    cdcmple.s                                0x00000000   Number         0  cdcmple.o ABSOLUTE
    cdrcmple.s                               0x00000000   Number         0  cdrcmple.o ABSOLUTE
    dc.s                                     0x00000000   Number         0  dc.o ABSOLUTE
    handlers.s                               0x00000000   Number         0  handlers.o ABSOLUTE
    init.s                                   0x00000000   Number         0  init.o ABSOLUTE
    RESET                                    0x08000000   Section      236  startup_stm32f10x_md.o(RESET)
    .ARM.Collect$$$$00000000                 0x080000ec   Section        0  entry.o(.ARM.Collect$$$$00000000)
    .ARM.Collect$$$$00000001                 0x080000ec   Section        4  entry2.o(.ARM.Collect$$$$00000001)
    .ARM.Collect$$$$00000004                 0x080000f0   Section        4  entry5.o(.ARM.Collect$$$$00000004)
    .ARM.Collect$$$$00000008                 0x080000f4   Section        0  entry7b.o(.ARM.Collect$$$$00000008)
    .ARM.Collect$$$$0000000A                 0x080000f4   Section        0  entry8b.o(.ARM.Collect$$$$0000000A)
    .ARM.Collect$$$$0000000B                 0x080000f4   Section        8  entry9a.o(.ARM.Collect$$$$0000000B)
    .ARM.Collect$$$$0000000E                 0x080000fc   Section        4  entry12b.o(.ARM.Collect$$$$0000000E)
    .ARM.Collect$$$$0000000F                 0x08000100   Section        0  entry10a.o(.ARM.Collect$$$$0000000F)
    .ARM.Collect$$$$00000011                 0x08000100   Section        0  entry11a.o(.ARM.Collect$$$$00000011)
    .ARM.Collect$$$$00002712                 0x08000100   Section        4  entry2.o(.ARM.Collect$$$$00002712)
    __lit__00000000                          0x08000100   Data           4  entry2.o(.ARM.Collect$$$$00002712)
    .emb_text                                0x08000104   Section      150  port.o(.emb_text)
    .text                                    0x0800019c   Section       36  startup_stm32f10x_md.o(.text)
    .text                                    0x080001c0   Section        0  memseta.o(.text)
    .text                                    0x080001e4   Section        0  strstr.o(.text)
    .text                                    0x08000208   Section        0  strlen.o(.text)
    .text                                    0x08000216   Section        0  dmul.o(.text)
    .text                                    0x080002fa   Section        0  ddiv.o(.text)
    .text                                    0x080003d8   Section        0  f2d.o(.text)
    .text                                    0x08000400   Section       48  cdrcmple.o(.text)
    .text                                    0x08000430   Section        0  uidiv.o(.text)
    .text                                    0x0800045c   Section        0  uldiv.o(.text)
    .text                                    0x080004be   Section        0  llushr.o(.text)
    .text                                    0x080004de   Section        0  depilogue.o(.text)
    .text                                    0x080004de   Section        0  iusefp.o(.text)
    .text                                    0x08000598   Section        0  dadd.o(.text)
    .text                                    0x080006e6   Section        0  dfixul.o(.text)
    .text                                    0x08000718   Section       36  init.o(.text)
    .text                                    0x0800073c   Section        0  llshl.o(.text)
    .text                                    0x0800075a   Section        0  llsshr.o(.text)
    i.BreathLEDInit                          0x08000780   Section        0  breathled.o(i.BreathLEDInit)
    i.BreathLEDTask                          0x08000820   Section        0  main.o(i.BreathLEDTask)
    i.CloseATEAndConnectWifi                 0x08000878   Section        0  esp8266.o(i.CloseATEAndConnectWifi)
    i.DMA_Cmd                                0x08000920   Section        0  stm32f10x_dma.o(i.DMA_Cmd)
    i.DMA_GetCurrDataCounter                 0x08000938   Section        0  stm32f10x_dma.o(i.DMA_GetCurrDataCounter)
    i.DMA_Init                               0x08000940   Section        0  stm32f10x_dma.o(i.DMA_Init)
    i.Delay_ms                               0x0800097c   Section        0  delay.o(i.Delay_ms)
    i.Delay_us                               0x08000994   Section        0  delay.o(i.Delay_us)
    i.GPIO_Init                              0x080009c2   Section        0  stm32f10x_gpio.o(i.GPIO_Init)
    i.GPIO_ReadOutputDataBit                 0x08000ad8   Section        0  stm32f10x_gpio.o(i.GPIO_ReadOutputDataBit)
    i.GPIO_ResetBits                         0x08000aea   Section        0  stm32f10x_gpio.o(i.GPIO_ResetBits)
    i.GPIO_SetBits                           0x08000aee   Section        0  stm32f10x_gpio.o(i.GPIO_SetBits)
    i.GPIO_WriteBit                          0x08000af2   Section        0  stm32f10x_gpio.o(i.GPIO_WriteBit)
    i.LED1_OFF                               0x08000afc   Section        0  led.o(i.LED1_OFF)
    i.LED1_ON                                0x08000b0c   Section        0  led.o(i.LED1_ON)
    i.LED1_Toggle                            0x08000b1c   Section        0  led.o(i.LED1_Toggle)
    i.LEDControlTask                         0x08000b38   Section        0  main.o(i.LEDControlTask)
    i.LED_Init                               0x08000b48   Section        0  led.o(i.LED_Init)
    i.MQTTTask                               0x08000b7c   Section        0  main.o(i.MQTTTask)
    i.NVIC_Init                              0x08000b90   Section        0  misc.o(i.NVIC_Init)
    i.OLED_I2C_SendByte                      0x08000c00   Section        0  oled.o(i.OLED_I2C_SendByte)
    i.OLED_I2C_Start                         0x08000c54   Section        0  oled.o(i.OLED_I2C_Start)
    i.OLED_I2C_Stop                          0x08000c88   Section        0  oled.o(i.OLED_I2C_Stop)
    i.OLED_SetCursor                         0x08000cb0   Section        0  oled.o(i.OLED_SetCursor)
    i.OLED_ShowChar                          0x08000cd4   Section        0  oled.o(i.OLED_ShowChar)
    i.OLED_ShowString                        0x08000d48   Section        0  oled.o(i.OLED_ShowString)
    i.OLED_WriteCommand                      0x08000d70   Section        0  oled.o(i.OLED_WriteCommand)
    i.OLED_WriteData                         0x08000d90   Section        0  oled.o(i.OLED_WriteData)
    i.RCC_AHBPeriphClockCmd                  0x08000db0   Section        0  stm32f10x_rcc.o(i.RCC_AHBPeriphClockCmd)
    i.RCC_APB1PeriphClockCmd                 0x08000dd0   Section        0  stm32f10x_rcc.o(i.RCC_APB1PeriphClockCmd)
    i.RCC_APB2PeriphClockCmd                 0x08000df0   Section        0  stm32f10x_rcc.o(i.RCC_APB2PeriphClockCmd)
    i.RCC_GetClocksFreq                      0x08000e10   Section        0  stm32f10x_rcc.o(i.RCC_GetClocksFreq)
    i.SendAT                                 0x08000ee4   Section        0  esp8266.o(i.SendAT)
    i.Send_Byte                              0x08000f60   Section        0  usart_model.o(i.Send_Byte)
    i.Send_String                            0x08000f80   Section        0  usart_model.o(i.Send_String)
    i.SetSysClock                            0x08000f96   Section        0  system_stm32f10x.o(i.SetSysClock)
    SetSysClock                              0x08000f97   Thumb Code     8  system_stm32f10x.o(i.SetSysClock)
    i.SetSysClockTo72                        0x08000fa0   Section        0  system_stm32f10x.o(i.SetSysClockTo72)
    SetSysClockTo72                          0x08000fa1   Thumb Code   214  system_stm32f10x.o(i.SetSysClockTo72)
    i.SysTick_Handler                        0x08001080   Section        0  port.o(i.SysTick_Handler)
    i.SystemInit                             0x080010b4   Section        0  system_stm32f10x.o(i.SystemInit)
    i.TIM_ClearFlag                          0x08001114   Section        0  stm32f10x_tim.o(i.TIM_ClearFlag)
    i.TIM_Cmd                                0x0800111a   Section        0  stm32f10x_tim.o(i.TIM_Cmd)
    i.TIM_InternalClockConfig                0x08001132   Section        0  stm32f10x_tim.o(i.TIM_InternalClockConfig)
    i.TIM_OC1Init                            0x08001140   Section        0  stm32f10x_tim.o(i.TIM_OC1Init)
    i.TIM_OC2Init                            0x080011d8   Section        0  stm32f10x_tim.o(i.TIM_OC2Init)
    i.TIM_OCStructInit                       0x0800127c   Section        0  stm32f10x_tim.o(i.TIM_OCStructInit)
    i.TIM_SetCompare1                        0x08001290   Section        0  stm32f10x_tim.o(i.TIM_SetCompare1)
    i.TIM_TimeBaseInit                       0x08001294   Section        0  stm32f10x_tim.o(i.TIM_TimeBaseInit)
    i.USART1_IRQHandler                      0x08001338   Section        0  usart_model.o(i.USART1_IRQHandler)
    i.USART1_Init                            0x0800135c   Section        0  usart_model.o(i.USART1_Init)
    i.USART_Cmd                              0x08001410   Section        0  stm32f10x_usart.o(i.USART_Cmd)
    i.USART_DMACmd                           0x08001428   Section        0  stm32f10x_usart.o(i.USART_DMACmd)
    i.USART_GetFlagStatus                    0x0800143a   Section        0  stm32f10x_usart.o(i.USART_GetFlagStatus)
    i.USART_GetITStatus                      0x08001454   Section        0  stm32f10x_usart.o(i.USART_GetITStatus)
    i.USART_ITConfig                         0x080014a8   Section        0  stm32f10x_usart.o(i.USART_ITConfig)
    i.USART_Init                             0x080014f4   Section        0  stm32f10x_usart.o(i.USART_Init)
    i.USART_RxDMA_Config                     0x080015cc   Section        0  usart_model.o(i.USART_RxDMA_Config)
    i.USART_SendData                         0x08001624   Section        0  stm32f10x_usart.o(i.USART_SendData)
    i.WaitAT                                 0x0800162c   Section        0  esp8266.o(i.WaitAT)
    WaitAT                                   0x0800162d   Thumb Code    74  esp8266.o(i.WaitAT)
    i.__0sprintf                             0x08001694   Section        0  printfa.o(i.__0sprintf)
    i.__scatterload_copy                     0x080016bc   Section       14  handlers.o(i.__scatterload_copy)
    i.__scatterload_null                     0x080016ca   Section        2  handlers.o(i.__scatterload_null)
    i.__scatterload_zeroinit                 0x080016cc   Section       14  handlers.o(i.__scatterload_zeroinit)
    i._fp_digits                             0x080016dc   Section        0  printfa.o(i._fp_digits)
    _fp_digits                               0x080016dd   Thumb Code   366  printfa.o(i._fp_digits)
    i._printf_core                           0x08001860   Section        0  printfa.o(i._printf_core)
    _printf_core                             0x08001861   Thumb Code  1704  printfa.o(i._printf_core)
    i._printf_post_padding                   0x08001f14   Section        0  printfa.o(i._printf_post_padding)
    _printf_post_padding                     0x08001f15   Thumb Code    36  printfa.o(i._printf_post_padding)
    i._printf_pre_padding                    0x08001f38   Section        0  printfa.o(i._printf_pre_padding)
    _printf_pre_padding                      0x08001f39   Thumb Code    46  printfa.o(i._printf_pre_padding)
    i._sputc                                 0x08001f66   Section        0  printfa.o(i._sputc)
    _sputc                                   0x08001f67   Thumb Code    10  printfa.o(i._sputc)
    i.connectMQTT                            0x08001f70   Section        0  esp8266.o(i.connectMQTT)
    i.connectWifiTask                        0x08002164   Section        0  main.o(i.connectWifiTask)
    i.dianjiInit                             0x08002174   Section        0  dianji.o(i.dianjiInit)
    i.dianjiTask                             0x080021f8   Section        0  main.o(i.dianjiTask)
    i.main                                   0x08002204   Section        0  main.o(i.main)
    i.processNewData                         0x080022dc   Section        0  usart_model.o(i.processNewData)
    i.prvAddCurrentTaskToDelayedList         0x08002340   Section        0  tasks.o(i.prvAddCurrentTaskToDelayedList)
    prvAddCurrentTaskToDelayedList           0x08002341   Thumb Code   164  tasks.o(i.prvAddCurrentTaskToDelayedList)
    i.prvAddNewTaskToReadyList               0x08002400   Section        0  tasks.o(i.prvAddNewTaskToReadyList)
    prvAddNewTaskToReadyList                 0x08002401   Thumb Code   200  tasks.o(i.prvAddNewTaskToReadyList)
    i.prvCheckTasksWaitingTermination        0x080024e4   Section        0  tasks.o(i.prvCheckTasksWaitingTermination)
    prvCheckTasksWaitingTermination          0x080024e5   Thumb Code    60  tasks.o(i.prvCheckTasksWaitingTermination)
    i.prvDeleteTCB                           0x0800252c   Section        0  tasks.o(i.prvDeleteTCB)
    prvDeleteTCB                             0x0800252d   Thumb Code    18  tasks.o(i.prvDeleteTCB)
    i.prvHeapInit                            0x08002540   Section        0  heap_4.o(i.prvHeapInit)
    prvHeapInit                              0x08002541   Thumb Code    90  heap_4.o(i.prvHeapInit)
    i.prvIdleTask                            0x080025b0   Section        0  tasks.o(i.prvIdleTask)
    prvIdleTask                              0x080025b1   Thumb Code    32  tasks.o(i.prvIdleTask)
    i.prvInitialiseNewTask                   0x080025d8   Section        0  tasks.o(i.prvInitialiseNewTask)
    prvInitialiseNewTask                     0x080025d9   Thumb Code   124  tasks.o(i.prvInitialiseNewTask)
    i.prvInitialiseTaskLists                 0x08002654   Section        0  tasks.o(i.prvInitialiseTaskLists)
    prvInitialiseTaskLists                   0x08002655   Thumb Code    70  tasks.o(i.prvInitialiseTaskLists)
    i.prvInsertBlockIntoFreeList             0x080026bc   Section        0  heap_4.o(i.prvInsertBlockIntoFreeList)
    prvInsertBlockIntoFreeList               0x080026bd   Thumb Code    96  heap_4.o(i.prvInsertBlockIntoFreeList)
    i.prvResetNextTaskUnblockTime            0x08002724   Section        0  tasks.o(i.prvResetNextTaskUnblockTime)
    prvResetNextTaskUnblockTime              0x08002725   Thumb Code    40  tasks.o(i.prvResetNextTaskUnblockTime)
    i.prvTaskExitError                       0x08002754   Section        0  port.o(i.prvTaskExitError)
    prvTaskExitError                         0x08002755   Thumb Code    22  port.o(i.prvTaskExitError)
    i.pvPortMalloc                           0x0800276c   Section        0  heap_4.o(i.pvPortMalloc)
    i.pxPortInitialiseStack                  0x08002850   Section        0  port.o(i.pxPortInitialiseStack)
    i.uxListRemove                           0x08002874   Section        0  list.o(i.uxListRemove)
    i.vListInitialise                        0x0800289c   Section        0  list.o(i.vListInitialise)
    i.vListInitialiseItem                    0x080028b6   Section        0  list.o(i.vListInitialiseItem)
    i.vListInsert                            0x080028bc   Section        0  list.o(i.vListInsert)
    i.vListInsertEnd                         0x080028f0   Section        0  list.o(i.vListInsertEnd)
    i.vPortEnterCritical                     0x08002908   Section        0  port.o(i.vPortEnterCritical)
    i.vPortExitCritical                      0x0800292c   Section        0  port.o(i.vPortExitCritical)
    i.vPortFree                              0x0800294c   Section        0  heap_4.o(i.vPortFree)
    i.vPortSetupTimerInterrupt               0x08002998   Section        0  port.o(i.vPortSetupTimerInterrupt)
    i.vTaskDelay                             0x080029b0   Section        0  tasks.o(i.vTaskDelay)
    i.vTaskDelete                            0x080029e4   Section        0  tasks.o(i.vTaskDelete)
    i.vTaskStartScheduler                    0x08002ab8   Section        0  tasks.o(i.vTaskStartScheduler)
    i.vTaskSuspendAll                        0x08002b24   Section        0  tasks.o(i.vTaskSuspendAll)
    i.vTaskSwitchContext                     0x08002b34   Section        0  tasks.o(i.vTaskSwitchContext)
    i.xPortStartScheduler                    0x08002b94   Section        0  port.o(i.xPortStartScheduler)
    i.xTaskCreate                            0x08002bc8   Section        0  tasks.o(i.xTaskCreate)
    i.xTaskIncrementTick                     0x08002c30   Section        0  tasks.o(i.xTaskIncrementTick)
    i.xTaskResumeAll                         0x08002dc0   Section        0  tasks.o(i.xTaskResumeAll)
    .constdata                               0x08002f1c   Section     1520  oled.o(.constdata)
    .conststring                             0x0800350c   Section      120  esp8266.o(.conststring)
    .data                                    0x20000000   Section       20  main.o(.data)
    .data                                    0x20000014   Section        6  usart_model.o(.data)
    .data                                    0x2000001c   Section       64  tasks.o(.data)
    pxDelayedTaskList                        0x20000020   Data           4  tasks.o(.data)
    pxOverflowDelayedTaskList                0x20000024   Data           4  tasks.o(.data)
    uxDeletedTasksWaitingCleanUp             0x20000028   Data           4  tasks.o(.data)
    uxCurrentNumberOfTasks                   0x2000002c   Data           4  tasks.o(.data)
    xTickCount                               0x20000030   Data           4  tasks.o(.data)
    uxTopReadyPriority                       0x20000034   Data           4  tasks.o(.data)
    xSchedulerRunning                        0x20000038   Data           4  tasks.o(.data)
    xPendedTicks                             0x2000003c   Data           4  tasks.o(.data)
    xYieldPending                            0x20000040   Data           4  tasks.o(.data)
    xNumOfOverflows                          0x20000044   Data           4  tasks.o(.data)
    uxTaskNumber                             0x20000048   Data           4  tasks.o(.data)
    xNextTaskUnblockTime                     0x2000004c   Data           4  tasks.o(.data)
    xIdleTaskHandle                          0x20000050   Data           4  tasks.o(.data)
    uxSchedulerSuspended                     0x20000058   Data           4  tasks.o(.data)
    .data                                    0x2000005c   Section       28  heap_4.o(.data)
    xStart                                   0x2000005c   Data           8  heap_4.o(.data)
    pxEnd                                    0x20000064   Data           4  heap_4.o(.data)
    xFreeBytesRemaining                      0x20000068   Data           4  heap_4.o(.data)
    xMinimumEverFreeBytesRemaining           0x2000006c   Data           4  heap_4.o(.data)
    xNumberOfSuccessfulAllocations           0x20000070   Data           4  heap_4.o(.data)
    xNumberOfSuccessfulFrees                 0x20000074   Data           4  heap_4.o(.data)
    .data                                    0x20000078   Section        4  port.o(.data)
    uxCriticalNesting                        0x20000078   Data           4  port.o(.data)
    .data                                    0x2000007c   Section       20  stm32f10x_rcc.o(.data)
    APBAHBPrescTable                         0x2000007c   Data          16  stm32f10x_rcc.o(.data)
    ADCPrescTable                            0x2000008c   Data           4  stm32f10x_rcc.o(.data)
    .bss                                     0x20000090   Section      600  usart_model.o(.bss)
    .bss                                     0x200002e8   Section      200  tasks.o(.bss)
    pxReadyTasksLists                        0x200002e8   Data         100  tasks.o(.bss)
    xDelayedTaskList1                        0x2000034c   Data          20  tasks.o(.bss)
    xDelayedTaskList2                        0x20000360   Data          20  tasks.o(.bss)
    xPendingReadyList                        0x20000374   Data          20  tasks.o(.bss)
    xTasksWaitingTermination                 0x20000388   Data          20  tasks.o(.bss)
    xSuspendedTaskList                       0x2000039c   Data          20  tasks.o(.bss)
    .bss                                     0x200003b0   Section    17408  heap_4.o(.bss)
    ucHeap                                   0x200003b0   Data       17408  heap_4.o(.bss)
    STACK                                    0x200047b0   Section     1024  startup_stm32f10x_md.o(STACK)

    Global Symbols

    Symbol Name                              Value     Ov Type        Size  Object(Section)

    BuildAttributes$$THM_ISAv4$P$D$K$B$S$PE$A:L22UL41UL21$X:L11$S22US41US21$IEEE1$IW$USESV6$~STKCKD$USESV7$~SHL$OTIME$ROPI$IEEEJ$EBA8$MICROLIB$REQ8$PRES8$EABIv2 0x00000000   Number         0  anon$$obj.o ABSOLUTE
    __ARM_use_no_argv                        0x00000000   Number         0  main.o ABSOLUTE
    _printf_a                                0x00000000   Number         0  stubs.o ABSOLUTE
    _printf_c                                0x00000000   Number         0  stubs.o ABSOLUTE
    _printf_charcount                        0x00000000   Number         0  stubs.o ABSOLUTE
    _printf_d                                0x00000000   Number         0  stubs.o ABSOLUTE
    _printf_e                                0x00000000   Number         0  stubs.o ABSOLUTE
    _printf_f                                0x00000000   Number         0  stubs.o ABSOLUTE
    _printf_flags                            0x00000000   Number         0  stubs.o ABSOLUTE
    _printf_fp_dec                           0x00000000   Number         0  stubs.o ABSOLUTE
    _printf_fp_hex                           0x00000000   Number         0  stubs.o ABSOLUTE
    _printf_g                                0x00000000   Number         0  stubs.o ABSOLUTE
    _printf_i                                0x00000000   Number         0  stubs.o ABSOLUTE
    _printf_int_dec                          0x00000000   Number         0  stubs.o ABSOLUTE
    _printf_l                                0x00000000   Number         0  stubs.o ABSOLUTE
    _printf_lc                               0x00000000   Number         0  stubs.o ABSOLUTE
    _printf_ll                               0x00000000   Number         0  stubs.o ABSOLUTE
    _printf_lld                              0x00000000   Number         0  stubs.o ABSOLUTE
    _printf_lli                              0x00000000   Number         0  stubs.o ABSOLUTE
    _printf_llo                              0x00000000   Number         0  stubs.o ABSOLUTE
    _printf_llu                              0x00000000   Number         0  stubs.o ABSOLUTE
    _printf_llx                              0x00000000   Number         0  stubs.o ABSOLUTE
    _printf_longlong_dec                     0x00000000   Number         0  stubs.o ABSOLUTE
    _printf_longlong_hex                     0x00000000   Number         0  stubs.o ABSOLUTE
    _printf_longlong_oct                     0x00000000   Number         0  stubs.o ABSOLUTE
    _printf_ls                               0x00000000   Number         0  stubs.o ABSOLUTE
    _printf_mbtowc                           0x00000000   Number         0  stubs.o ABSOLUTE
    _printf_n                                0x00000000   Number         0  stubs.o ABSOLUTE
    _printf_o                                0x00000000   Number         0  stubs.o ABSOLUTE
    _printf_p                                0x00000000   Number         0  stubs.o ABSOLUTE
    _printf_percent                          0x00000000   Number         0  stubs.o ABSOLUTE
    _printf_pre_padding                      0x00000000   Number         0  stubs.o ABSOLUTE
    _printf_return_value                     0x00000000   Number         0  stubs.o ABSOLUTE
    _printf_s                                0x00000000   Number         0  stubs.o ABSOLUTE
    _printf_sizespec                         0x00000000   Number         0  stubs.o ABSOLUTE
    _printf_str                              0x00000000   Number         0  stubs.o ABSOLUTE
    _printf_truncate_signed                  0x00000000   Number         0  stubs.o ABSOLUTE
    _printf_truncate_unsigned                0x00000000   Number         0  stubs.o ABSOLUTE
    _printf_u                                0x00000000   Number         0  stubs.o ABSOLUTE
    _printf_wc                               0x00000000   Number         0  stubs.o ABSOLUTE
    _printf_wctomb                           0x00000000   Number         0  stubs.o ABSOLUTE
    _printf_widthprec                        0x00000000   Number         0  stubs.o ABSOLUTE
    _printf_x                                0x00000000   Number         0  stubs.o ABSOLUTE
    __arm_fini_                               - Undefined Weak Reference
    __cpp_initialize__aeabi_                  - Undefined Weak Reference
    __cxa_finalize                            - Undefined Weak Reference
    __decompress                              - Undefined Weak Reference
    _clock_init                               - Undefined Weak Reference
    _microlib_exit                            - Undefined Weak Reference
    _scanf_int                                - Undefined Weak Reference
    _scanf_longlong                           - Undefined Weak Reference
    _scanf_string                             - Undefined Weak Reference
    __Vectors_Size                           0x000000ec   Number         0  startup_stm32f10x_md.o ABSOLUTE
    __Vectors                                0x08000000   Data           4  startup_stm32f10x_md.o(RESET)
    __Vectors_End                            0x080000ec   Data           0  startup_stm32f10x_md.o(RESET)
    __main                                   0x080000ed   Thumb Code     0  entry.o(.ARM.Collect$$$$00000000)
    _main_stk                                0x080000ed   Thumb Code     0  entry2.o(.ARM.Collect$$$$00000001)
    _main_scatterload                        0x080000f1   Thumb Code     0  entry5.o(.ARM.Collect$$$$00000004)
    __main_after_scatterload                 0x080000f5   Thumb Code     0  entry5.o(.ARM.Collect$$$$00000004)
    _main_clock                              0x080000f5   Thumb Code     0  entry7b.o(.ARM.Collect$$$$00000008)
    _main_cpp_init                           0x080000f5   Thumb Code     0  entry8b.o(.ARM.Collect$$$$0000000A)
    _main_init                               0x080000f5   Thumb Code     0  entry9a.o(.ARM.Collect$$$$0000000B)
    __rt_lib_shutdown_fini                   0x080000fd   Thumb Code     0  entry12b.o(.ARM.Collect$$$$0000000E)
    __rt_final_cpp                           0x08000101   Thumb Code     0  entry10a.o(.ARM.Collect$$$$0000000F)
    __rt_final_exit                          0x08000101   Thumb Code     0  entry11a.o(.ARM.Collect$$$$00000011)
    SVC_Handler                              0x08000105   Thumb Code    32  port.o(.emb_text)
    __asm___6_port_c_39a90d8d__prvStartFirstTask 0x08000129   Thumb Code    28  port.o(.emb_text)
    PendSV_Handler                           0x08000149   Thumb Code    72  port.o(.emb_text)
    vPortGetIPSR                             0x08000195   Thumb Code     6  port.o(.emb_text)
    Reset_Handler                            0x0800019d   Thumb Code     8  startup_stm32f10x_md.o(.text)
    NMI_Handler                              0x080001a5   Thumb Code     2  startup_stm32f10x_md.o(.text)
    HardFault_Handler                        0x080001a7   Thumb Code     2  startup_stm32f10x_md.o(.text)
    MemManage_Handler                        0x080001a9   Thumb Code     2  startup_stm32f10x_md.o(.text)
    BusFault_Handler                         0x080001ab   Thumb Code     2  startup_stm32f10x_md.o(.text)
    UsageFault_Handler                       0x080001ad   Thumb Code     2  startup_stm32f10x_md.o(.text)
    DebugMon_Handler                         0x080001b1   Thumb Code     2  startup_stm32f10x_md.o(.text)
    ADC1_2_IRQHandler                        0x080001b7   Thumb Code     0  startup_stm32f10x_md.o(.text)
    CAN1_RX1_IRQHandler                      0x080001b7   Thumb Code     0  startup_stm32f10x_md.o(.text)
    CAN1_SCE_IRQHandler                      0x080001b7   Thumb Code     0  startup_stm32f10x_md.o(.text)
    DMA1_Channel1_IRQHandler                 0x080001b7   Thumb Code     0  startup_stm32f10x_md.o(.text)
    DMA1_Channel2_IRQHandler                 0x080001b7   Thumb Code     0  startup_stm32f10x_md.o(.text)
    DMA1_Channel3_IRQHandler                 0x080001b7   Thumb Code     0  startup_stm32f10x_md.o(.text)
    DMA1_Channel4_IRQHandler                 0x080001b7   Thumb Code     0  startup_stm32f10x_md.o(.text)
    DMA1_Channel5_IRQHandler                 0x080001b7   Thumb Code     0  startup_stm32f10x_md.o(.text)
    DMA1_Channel6_IRQHandler                 0x080001b7   Thumb Code     0  startup_stm32f10x_md.o(.text)
    DMA1_Channel7_IRQHandler                 0x080001b7   Thumb Code     0  startup_stm32f10x_md.o(.text)
    EXTI0_IRQHandler                         0x080001b7   Thumb Code     0  startup_stm32f10x_md.o(.text)
    EXTI15_10_IRQHandler                     0x080001b7   Thumb Code     0  startup_stm32f10x_md.o(.text)
    EXTI1_IRQHandler                         0x080001b7   Thumb Code     0  startup_stm32f10x_md.o(.text)
    EXTI2_IRQHandler                         0x080001b7   Thumb Code     0  startup_stm32f10x_md.o(.text)
    EXTI3_IRQHandler                         0x080001b7   Thumb Code     0  startup_stm32f10x_md.o(.text)
    EXTI4_IRQHandler                         0x080001b7   Thumb Code     0  startup_stm32f10x_md.o(.text)
    EXTI9_5_IRQHandler                       0x080001b7   Thumb Code     0  startup_stm32f10x_md.o(.text)
    FLASH_IRQHandler                         0x080001b7   Thumb Code     0  startup_stm32f10x_md.o(.text)
    I2C1_ER_IRQHandler                       0x080001b7   Thumb Code     0  startup_stm32f10x_md.o(.text)
    I2C1_EV_IRQHandler                       0x080001b7   Thumb Code     0  startup_stm32f10x_md.o(.text)
    I2C2_ER_IRQHandler                       0x080001b7   Thumb Code     0  startup_stm32f10x_md.o(.text)
    I2C2_EV_IRQHandler                       0x080001b7   Thumb Code     0  startup_stm32f10x_md.o(.text)
    PVD_IRQHandler                           0x080001b7   Thumb Code     0  startup_stm32f10x_md.o(.text)
    RCC_IRQHandler                           0x080001b7   Thumb Code     0  startup_stm32f10x_md.o(.text)
    RTCAlarm_IRQHandler                      0x080001b7   Thumb Code     0  startup_stm32f10x_md.o(.text)
    RTC_IRQHandler                           0x080001b7   Thumb Code     0  startup_stm32f10x_md.o(.text)
    SPI1_IRQHandler                          0x080001b7   Thumb Code     0  startup_stm32f10x_md.o(.text)
    SPI2_IRQHandler                          0x080001b7   Thumb Code     0  startup_stm32f10x_md.o(.text)
    TAMPER_IRQHandler                        0x080001b7   Thumb Code     0  startup_stm32f10x_md.o(.text)
    TIM1_BRK_IRQHandler                      0x080001b7   Thumb Code     0  startup_stm32f10x_md.o(.text)
    TIM1_CC_IRQHandler                       0x080001b7   Thumb Code     0  startup_stm32f10x_md.o(.text)
    TIM1_TRG_COM_IRQHandler                  0x080001b7   Thumb Code     0  startup_stm32f10x_md.o(.text)
    TIM1_UP_IRQHandler                       0x080001b7   Thumb Code     0  startup_stm32f10x_md.o(.text)
    TIM2_IRQHandler                          0x080001b7   Thumb Code     0  startup_stm32f10x_md.o(.text)
    TIM3_IRQHandler                          0x080001b7   Thumb Code     0  startup_stm32f10x_md.o(.text)
    TIM4_IRQHandler                          0x080001b7   Thumb Code     0  startup_stm32f10x_md.o(.text)
    USART2_IRQHandler                        0x080001b7   Thumb Code     0  startup_stm32f10x_md.o(.text)
    USART3_IRQHandler                        0x080001b7   Thumb Code     0  startup_stm32f10x_md.o(.text)
    USBWakeUp_IRQHandler                     0x080001b7   Thumb Code     0  startup_stm32f10x_md.o(.text)
    USB_HP_CAN1_TX_IRQHandler                0x080001b7   Thumb Code     0  startup_stm32f10x_md.o(.text)
    USB_LP_CAN1_RX0_IRQHandler               0x080001b7   Thumb Code     0  startup_stm32f10x_md.o(.text)
    WWDG_IRQHandler                          0x080001b7   Thumb Code     0  startup_stm32f10x_md.o(.text)
    __aeabi_memset                           0x080001c1   Thumb Code    14  memseta.o(.text)
    __aeabi_memset4                          0x080001c1   Thumb Code     0  memseta.o(.text)
    __aeabi_memset8                          0x080001c1   Thumb Code     0  memseta.o(.text)
    __aeabi_memclr                           0x080001cf   Thumb Code     4  memseta.o(.text)
    __aeabi_memclr4                          0x080001cf   Thumb Code     0  memseta.o(.text)
    __aeabi_memclr8                          0x080001cf   Thumb Code     0  memseta.o(.text)
    _memset$wrapper                          0x080001d3   Thumb Code    18  memseta.o(.text)
    strstr                                   0x080001e5   Thumb Code    36  strstr.o(.text)
    strlen                                   0x08000209   Thumb Code    14  strlen.o(.text)
    __aeabi_dmul                             0x08000217   Thumb Code   228  dmul.o(.text)
    __aeabi_ddiv                             0x080002fb   Thumb Code   222  ddiv.o(.text)
    __aeabi_f2d                              0x080003d9   Thumb Code    38  f2d.o(.text)
    __aeabi_cdrcmple                         0x08000401   Thumb Code    48  cdrcmple.o(.text)
    __aeabi_uidiv                            0x08000431   Thumb Code     0  uidiv.o(.text)
    __aeabi_uidivmod                         0x08000431   Thumb Code    44  uidiv.o(.text)
    __aeabi_uldivmod                         0x0800045d   Thumb Code    98  uldiv.o(.text)
    __aeabi_llsr                             0x080004bf   Thumb Code    32  llushr.o(.text)
    _ll_ushift_r                             0x080004bf   Thumb Code     0  llushr.o(.text)
    __I$use$fp                               0x080004df   Thumb Code     0  iusefp.o(.text)
    _double_round                            0x080004df   Thumb Code    30  depilogue.o(.text)
    _double_epilogue                         0x080004fd   Thumb Code   156  depilogue.o(.text)
    __aeabi_dadd                             0x08000599   Thumb Code   322  dadd.o(.text)
    __aeabi_dsub                             0x080006db   Thumb Code     6  dadd.o(.text)
    __aeabi_drsub                            0x080006e1   Thumb Code     6  dadd.o(.text)
    __aeabi_d2ulz                            0x080006e7   Thumb Code    48  dfixul.o(.text)
    __scatterload                            0x08000719   Thumb Code    28  init.o(.text)
    __scatterload_rt2                        0x08000719   Thumb Code     0  init.o(.text)
    __aeabi_llsl                             0x0800073d   Thumb Code    30  llshl.o(.text)
    _ll_shift_l                              0x0800073d   Thumb Code     0  llshl.o(.text)
    __aeabi_lasr                             0x0800075b   Thumb Code    36  llsshr.o(.text)
    _ll_sshift_r                             0x0800075b   Thumb Code     0  llsshr.o(.text)
    BreathLEDInit                            0x08000781   Thumb Code   154  breathled.o(i.BreathLEDInit)
    BreathLEDTask                            0x08000821   Thumb Code    86  main.o(i.BreathLEDTask)
    CloseATEAndConnectWifi                   0x08000879   Thumb Code    86  esp8266.o(i.CloseATEAndConnectWifi)
    DMA_Cmd                                  0x08000921   Thumb Code    24  stm32f10x_dma.o(i.DMA_Cmd)
    DMA_GetCurrDataCounter                   0x08000939   Thumb Code     8  stm32f10x_dma.o(i.DMA_GetCurrDataCounter)
    DMA_Init                                 0x08000941   Thumb Code    60  stm32f10x_dma.o(i.DMA_Init)
    Delay_ms                                 0x0800097d   Thumb Code    24  delay.o(i.Delay_ms)
    Delay_us                                 0x08000995   Thumb Code    46  delay.o(i.Delay_us)
    GPIO_Init                                0x080009c3   Thumb Code   278  stm32f10x_gpio.o(i.GPIO_Init)
    GPIO_ReadOutputDataBit                   0x08000ad9   Thumb Code    18  stm32f10x_gpio.o(i.GPIO_ReadOutputDataBit)
    GPIO_ResetBits                           0x08000aeb   Thumb Code     4  stm32f10x_gpio.o(i.GPIO_ResetBits)
    GPIO_SetBits                             0x08000aef   Thumb Code     4  stm32f10x_gpio.o(i.GPIO_SetBits)
    GPIO_WriteBit                            0x08000af3   Thumb Code    10  stm32f10x_gpio.o(i.GPIO_WriteBit)
    LED1_OFF                                 0x08000afd   Thumb Code    12  led.o(i.LED1_OFF)
    LED1_ON                                  0x08000b0d   Thumb Code    12  led.o(i.LED1_ON)
    LED1_Toggle                              0x08000b1d   Thumb Code    24  led.o(i.LED1_Toggle)
    LEDControlTask                           0x08000b39   Thumb Code    16  main.o(i.LEDControlTask)
    LED_Init                                 0x08000b49   Thumb Code    46  led.o(i.LED_Init)
    MQTTTask                                 0x08000b7d   Thumb Code    18  main.o(i.MQTTTask)
    NVIC_Init                                0x08000b91   Thumb Code   100  misc.o(i.NVIC_Init)
    OLED_I2C_SendByte                        0x08000c01   Thumb Code    80  oled.o(i.OLED_I2C_SendByte)
    OLED_I2C_Start                           0x08000c55   Thumb Code    48  oled.o(i.OLED_I2C_Start)
    OLED_I2C_Stop                            0x08000c89   Thumb Code    36  oled.o(i.OLED_I2C_Stop)
    OLED_SetCursor                           0x08000cb1   Thumb Code    34  oled.o(i.OLED_SetCursor)
    OLED_ShowChar                            0x08000cd5   Thumb Code   110  oled.o(i.OLED_ShowChar)
    OLED_ShowString                          0x08000d49   Thumb Code    40  oled.o(i.OLED_ShowString)
    OLED_WriteCommand                        0x08000d71   Thumb Code    32  oled.o(i.OLED_WriteCommand)
    OLED_WriteData                           0x08000d91   Thumb Code    32  oled.o(i.OLED_WriteData)
    RCC_AHBPeriphClockCmd                    0x08000db1   Thumb Code    26  stm32f10x_rcc.o(i.RCC_AHBPeriphClockCmd)
    RCC_APB1PeriphClockCmd                   0x08000dd1   Thumb Code    26  stm32f10x_rcc.o(i.RCC_APB1PeriphClockCmd)
    RCC_APB2PeriphClockCmd                   0x08000df1   Thumb Code    26  stm32f10x_rcc.o(i.RCC_APB2PeriphClockCmd)
    RCC_GetClocksFreq                        0x08000e11   Thumb Code   192  stm32f10x_rcc.o(i.RCC_GetClocksFreq)
    SendAT                                   0x08000ee5   Thumb Code    96  esp8266.o(i.SendAT)
    Send_Byte                                0x08000f61   Thumb Code    28  usart_model.o(i.Send_Byte)
    Send_String                              0x08000f81   Thumb Code    22  usart_model.o(i.Send_String)
    SysTick_Handler                          0x08001081   Thumb Code    46  port.o(i.SysTick_Handler)
    SystemInit                               0x080010b5   Thumb Code    78  system_stm32f10x.o(i.SystemInit)
    TIM_ClearFlag                            0x08001115   Thumb Code     6  stm32f10x_tim.o(i.TIM_ClearFlag)
    TIM_Cmd                                  0x0800111b   Thumb Code    24  stm32f10x_tim.o(i.TIM_Cmd)
    TIM_InternalClockConfig                  0x08001133   Thumb Code    12  stm32f10x_tim.o(i.TIM_InternalClockConfig)
    TIM_OC1Init                              0x08001141   Thumb Code   132  stm32f10x_tim.o(i.TIM_OC1Init)
    TIM_OC2Init                              0x080011d9   Thumb Code   154  stm32f10x_tim.o(i.TIM_OC2Init)
    TIM_OCStructInit                         0x0800127d   Thumb Code    20  stm32f10x_tim.o(i.TIM_OCStructInit)
    TIM_SetCompare1                          0x08001291   Thumb Code     4  stm32f10x_tim.o(i.TIM_SetCompare1)
    TIM_TimeBaseInit                         0x08001295   Thumb Code   122  stm32f10x_tim.o(i.TIM_TimeBaseInit)
    USART1_IRQHandler                        0x08001339   Thumb Code    32  usart_model.o(i.USART1_IRQHandler)
    USART1_Init                              0x0800135d   Thumb Code   170  usart_model.o(i.USART1_Init)
    USART_Cmd                                0x08001411   Thumb Code    24  stm32f10x_usart.o(i.USART_Cmd)
    USART_DMACmd                             0x08001429   Thumb Code    18  stm32f10x_usart.o(i.USART_DMACmd)
    USART_GetFlagStatus                      0x0800143b   Thumb Code    26  stm32f10x_usart.o(i.USART_GetFlagStatus)
    USART_GetITStatus                        0x08001455   Thumb Code    84  stm32f10x_usart.o(i.USART_GetITStatus)
    USART_ITConfig                           0x080014a9   Thumb Code    74  stm32f10x_usart.o(i.USART_ITConfig)
    USART_Init                               0x080014f5   Thumb Code   210  stm32f10x_usart.o(i.USART_Init)
    USART_RxDMA_Config                       0x080015cd   Thumb Code    74  usart_model.o(i.USART_RxDMA_Config)
    USART_SendData                           0x08001625   Thumb Code     8  stm32f10x_usart.o(i.USART_SendData)
    __0sprintf                               0x08001695   Thumb Code    34  printfa.o(i.__0sprintf)
    __1sprintf                               0x08001695   Thumb Code     0  printfa.o(i.__0sprintf)
    __2sprintf                               0x08001695   Thumb Code     0  printfa.o(i.__0sprintf)
    __c89sprintf                             0x08001695   Thumb Code     0  printfa.o(i.__0sprintf)
    sprintf                                  0x08001695   Thumb Code     0  printfa.o(i.__0sprintf)
    __scatterload_copy                       0x080016bd   Thumb Code    14  handlers.o(i.__scatterload_copy)
    __scatterload_null                       0x080016cb   Thumb Code     2  handlers.o(i.__scatterload_null)
    __scatterload_zeroinit                   0x080016cd   Thumb Code    14  handlers.o(i.__scatterload_zeroinit)
    connectMQTT                              0x08001f71   Thumb Code   264  esp8266.o(i.connectMQTT)
    connectWifiTask                          0x08002165   Thumb Code    16  main.o(i.connectWifiTask)
    dianjiInit                               0x08002175   Thumb Code   126  dianji.o(i.dianjiInit)
    dianjiTask                               0x080021f9   Thumb Code    10  main.o(i.dianjiTask)
    main                                     0x08002205   Thumb Code   128  main.o(i.main)
    processNewData                           0x080022dd   Thumb Code    78  usart_model.o(i.processNewData)
    pvPortMalloc                             0x0800276d   Thumb Code   208  heap_4.o(i.pvPortMalloc)
    pxPortInitialiseStack                    0x08002851   Thumb Code    30  port.o(i.pxPortInitialiseStack)
    uxListRemove                             0x08002875   Thumb Code    40  list.o(i.uxListRemove)
    vListInitialise                          0x0800289d   Thumb Code    26  list.o(i.vListInitialise)
    vListInitialiseItem                      0x080028b7   Thumb Code     6  list.o(i.vListInitialiseItem)
    vListInsert                              0x080028bd   Thumb Code    52  list.o(i.vListInsert)
    vListInsertEnd                           0x080028f1   Thumb Code    24  list.o(i.vListInsertEnd)
    vPortEnterCritical                       0x08002909   Thumb Code    30  port.o(i.vPortEnterCritical)
    vPortExitCritical                        0x0800292d   Thumb Code    28  port.o(i.vPortExitCritical)
    vPortFree                                0x0800294d   Thumb Code    68  heap_4.o(i.vPortFree)
    vPortSetupTimerInterrupt                 0x08002999   Thumb Code    20  port.o(i.vPortSetupTimerInterrupt)
    vTaskDelay                               0x080029b1   Thumb Code    46  tasks.o(i.vTaskDelay)
    vTaskDelete                              0x080029e5   Thumb Code   174  tasks.o(i.vTaskDelete)
    vTaskStartScheduler                      0x08002ab9   Thumb Code    76  tasks.o(i.vTaskStartScheduler)
    vTaskSuspendAll                          0x08002b25   Thumb Code    12  tasks.o(i.vTaskSuspendAll)
    vTaskSwitchContext                       0x08002b35   Thumb Code    76  tasks.o(i.vTaskSwitchContext)
    xPortStartScheduler                      0x08002b95   Thumb Code    42  port.o(i.xPortStartScheduler)
    xTaskCreate                              0x08002bc9   Thumb Code   104  tasks.o(i.xTaskCreate)
    xTaskIncrementTick                       0x08002c31   Thumb Code   356  tasks.o(i.xTaskIncrementTick)
    xTaskResumeAll                           0x08002dc1   Thumb Code   310  tasks.o(i.xTaskResumeAll)
    OLED_F8x16                               0x08002f1c   Data        1520  oled.o(.constdata)
    Region$$Table$$Base                      0x08003584   Number         0  anon$$obj.o(Region$$Table)
    Region$$Table$$Limit                     0x080035a4   Number         0  anon$$obj.o(Region$$Table)
    BreathHandler                            0x20000000   Data           4  main.o(.data)
    connectWifiHandler                       0x20000004   Data           4  main.o(.data)
    MQTTHandler                              0x20000008   Data           4  main.o(.data)
    dianjiHandler                            0x2000000c   Data           4  main.o(.data)
    LEDControlHandler                        0x20000010   Data           4  main.o(.data)
    flag                                     0x20000014   Data           1  usart_model.o(.data)
    dmaPosition                              0x20000016   Data           2  usart_model.o(.data)
    lastPosition                             0x20000018   Data           2  usart_model.o(.data)
    pxCurrentTCB                             0x2000001c   Data           4  tasks.o(.data)
    uxTopUsedPriority                        0x20000054   Data           4  tasks.o(.data)
    message                                  0x20000090   Data         300  usart_model.o(.bss)
    USART_DMABuffer                          0x200001bc   Data         300  usart_model.o(.bss)
    __initial_sp                             0x20004bb0   Data           0  startup_stm32f10x_md.o(STACK)



==============================================================================

Memory Map of the image

  Image Entry point : 0x080000ed

  Load Region LR_IROM1 (Base: 0x08000000, Size: 0x00003634, Max: 0x00010000, ABSOLUTE)

    Execution Region ER_IROM1 (Exec base: 0x08000000, Load base: 0x08000000, Size: 0x000035a4, Max: 0x00010000, ABSOLUTE)

    Exec Addr    Load Addr    Size         Type   Attr      Idx    E Section Name        Object

    0x08000000   0x08000000   0x000000ec   Data   RO         5715    RESET               startup_stm32f10x_md.o
    0x080000ec   0x080000ec   0x00000000   Code   RO         5770  * .ARM.Collect$$$$00000000  mc_w.l(entry.o)
    0x080000ec   0x080000ec   0x00000004   Code   RO         6110    .ARM.Collect$$$$00000001  mc_w.l(entry2.o)
    0x080000f0   0x080000f0   0x00000004   Code   RO         6113    .ARM.Collect$$$$00000004  mc_w.l(entry5.o)
    0x080000f4   0x080000f4   0x00000000   Code   RO         6115    .ARM.Collect$$$$00000008  mc_w.l(entry7b.o)
    0x080000f4   0x080000f4   0x00000000   Code   RO         6117    .ARM.Collect$$$$0000000A  mc_w.l(entry8b.o)
    0x080000f4   0x080000f4   0x00000008   Code   RO         6118    .ARM.Collect$$$$0000000B  mc_w.l(entry9a.o)
    0x080000fc   0x080000fc   0x00000004   Code   RO         6125    .ARM.Collect$$$$0000000E  mc_w.l(entry12b.o)
    0x08000100   0x08000100   0x00000000   Code   RO         6120    .ARM.Collect$$$$0000000F  mc_w.l(entry10a.o)
    0x08000100   0x08000100   0x00000000   Code   RO         6122    .ARM.Collect$$$$00000011  mc_w.l(entry11a.o)
    0x08000100   0x08000100   0x00000004   Code   RO         6111    .ARM.Collect$$$$00002712  mc_w.l(entry2.o)
    0x08000104   0x08000104   0x00000096   Code   RO         1564    .emb_text           port.o
    0x0800019a   0x0800019a   0x00000002   PAD
    0x0800019c   0x0800019c   0x00000024   Code   RO         5716    .text               startup_stm32f10x_md.o
    0x080001c0   0x080001c0   0x00000024   Code   RO         5777    .text               mc_w.l(memseta.o)
    0x080001e4   0x080001e4   0x00000024   Code   RO         5781    .text               mc_w.l(strstr.o)
    0x08000208   0x08000208   0x0000000e   Code   RO         5787    .text               mc_w.l(strlen.o)
    0x08000216   0x08000216   0x000000e4   Code   RO         6094    .text               mf_w.l(dmul.o)
    0x080002fa   0x080002fa   0x000000de   Code   RO         6096    .text               mf_w.l(ddiv.o)
    0x080003d8   0x080003d8   0x00000026   Code   RO         6104    .text               mf_w.l(f2d.o)
    0x080003fe   0x080003fe   0x00000002   PAD
    0x08000400   0x08000400   0x00000030   Code   RO         6108    .text               mf_w.l(cdrcmple.o)
    0x08000430   0x08000430   0x0000002c   Code   RO         6127    .text               mc_w.l(uidiv.o)
    0x0800045c   0x0800045c   0x00000062   Code   RO         6129    .text               mc_w.l(uldiv.o)
    0x080004be   0x080004be   0x00000020   Code   RO         6131    .text               mc_w.l(llushr.o)
    0x080004de   0x080004de   0x00000000   Code   RO         6141    .text               mc_w.l(iusefp.o)
    0x080004de   0x080004de   0x000000ba   Code   RO         6142    .text               mf_w.l(depilogue.o)
    0x08000598   0x08000598   0x0000014e   Code   RO         6144    .text               mf_w.l(dadd.o)
    0x080006e6   0x080006e6   0x00000030   Code   RO         6148    .text               mf_w.l(dfixul.o)
    0x08000716   0x08000716   0x00000002   PAD
    0x08000718   0x08000718   0x00000024   Code   RO         6152    .text               mc_w.l(init.o)
    0x0800073c   0x0800073c   0x0000001e   Code   RO         6154    .text               mc_w.l(llshl.o)
    0x0800075a   0x0800075a   0x00000024   Code   RO         6156    .text               mc_w.l(llsshr.o)
    0x0800077e   0x0800077e   0x00000002   PAD
    0x08000780   0x08000780   0x000000a0   Code   RO          689    i.BreathLEDInit     breathled.o
    0x08000820   0x08000820   0x00000056   Code   RO            4    i.BreathLEDTask     main.o
    0x08000876   0x08000876   0x00000002   PAD
    0x08000878   0x08000878   0x000000a8   Code   RO          494    i.CloseATEAndConnectWifi  esp8266.o
    0x08000920   0x08000920   0x00000018   Code   RO         3296    i.DMA_Cmd           stm32f10x_dma.o
    0x08000938   0x08000938   0x00000008   Code   RO         3298    i.DMA_GetCurrDataCounter  stm32f10x_dma.o
    0x08000940   0x08000940   0x0000003c   Code   RO         3302    i.DMA_Init          stm32f10x_dma.o
    0x0800097c   0x0800097c   0x00000018   Code   RO          236    i.Delay_ms          delay.o
    0x08000994   0x08000994   0x0000002e   Code   RO          238    i.Delay_us          delay.o
    0x080009c2   0x080009c2   0x00000116   Code   RO         3768    i.GPIO_Init         stm32f10x_gpio.o
    0x08000ad8   0x08000ad8   0x00000012   Code   RO         3774    i.GPIO_ReadOutputDataBit  stm32f10x_gpio.o
    0x08000aea   0x08000aea   0x00000004   Code   RO         3775    i.GPIO_ResetBits    stm32f10x_gpio.o
    0x08000aee   0x08000aee   0x00000004   Code   RO         3776    i.GPIO_SetBits      stm32f10x_gpio.o
    0x08000af2   0x08000af2   0x0000000a   Code   RO         3779    i.GPIO_WriteBit     stm32f10x_gpio.o
    0x08000afc   0x08000afc   0x00000010   Code   RO          272    i.LED1_OFF          led.o
    0x08000b0c   0x08000b0c   0x00000010   Code   RO          273    i.LED1_ON           led.o
    0x08000b1c   0x08000b1c   0x0000001c   Code   RO          274    i.LED1_Toggle       led.o
    0x08000b38   0x08000b38   0x00000010   Code   RO            5    i.LEDControlTask    main.o
    0x08000b48   0x08000b48   0x00000034   Code   RO          278    i.LED_Init          led.o
    0x08000b7c   0x08000b7c   0x00000012   Code   RO            6    i.MQTTTask          main.o
    0x08000b8e   0x08000b8e   0x00000002   PAD
    0x08000b90   0x08000b90   0x00000070   Code   RO         2473    i.NVIC_Init         misc.o
    0x08000c00   0x08000c00   0x00000054   Code   RO          334    i.OLED_I2C_SendByte  oled.o
    0x08000c54   0x08000c54   0x00000034   Code   RO          335    i.OLED_I2C_Start    oled.o
    0x08000c88   0x08000c88   0x00000028   Code   RO          336    i.OLED_I2C_Stop     oled.o
    0x08000cb0   0x08000cb0   0x00000022   Code   RO          339    i.OLED_SetCursor    oled.o
    0x08000cd2   0x08000cd2   0x00000002   PAD
    0x08000cd4   0x08000cd4   0x00000074   Code   RO          341    i.OLED_ShowChar     oled.o
    0x08000d48   0x08000d48   0x00000028   Code   RO          345    i.OLED_ShowString   oled.o
    0x08000d70   0x08000d70   0x00000020   Code   RO          346    i.OLED_WriteCommand  oled.o
    0x08000d90   0x08000d90   0x00000020   Code   RO          347    i.OLED_WriteData    oled.o
    0x08000db0   0x08000db0   0x00000020   Code   RO         4231    i.RCC_AHBPeriphClockCmd  stm32f10x_rcc.o
    0x08000dd0   0x08000dd0   0x00000020   Code   RO         4232    i.RCC_APB1PeriphClockCmd  stm32f10x_rcc.o
    0x08000df0   0x08000df0   0x00000020   Code   RO         4234    i.RCC_APB2PeriphClockCmd  stm32f10x_rcc.o
    0x08000e10   0x08000e10   0x000000d4   Code   RO         4242    i.RCC_GetClocksFreq  stm32f10x_rcc.o
    0x08000ee4   0x08000ee4   0x0000007c   Code   RO          495    i.SendAT            esp8266.o
    0x08000f60   0x08000f60   0x00000020   Code   RO          617    i.Send_Byte         usart_model.o
    0x08000f80   0x08000f80   0x00000016   Code   RO          618    i.Send_String       usart_model.o
    0x08000f96   0x08000f96   0x00000008   Code   RO         5723    i.SetSysClock       system_stm32f10x.o
    0x08000f9e   0x08000f9e   0x00000002   PAD
    0x08000fa0   0x08000fa0   0x000000e0   Code   RO         5724    i.SetSysClockTo72   system_stm32f10x.o
    0x08001080   0x08001080   0x00000034   Code   RO         1565    i.SysTick_Handler   port.o
    0x080010b4   0x080010b4   0x00000060   Code   RO         5726    i.SystemInit        system_stm32f10x.o
    0x08001114   0x08001114   0x00000006   Code   RO         4908    i.TIM_ClearFlag     stm32f10x_tim.o
    0x0800111a   0x0800111a   0x00000018   Code   RO         4914    i.TIM_Cmd           stm32f10x_tim.o
    0x08001132   0x08001132   0x0000000c   Code   RO         4941    i.TIM_InternalClockConfig  stm32f10x_tim.o
    0x0800113e   0x0800113e   0x00000002   PAD
    0x08001140   0x08001140   0x00000098   Code   RO         4943    i.TIM_OC1Init       stm32f10x_tim.o
    0x080011d8   0x080011d8   0x000000a4   Code   RO         4948    i.TIM_OC2Init       stm32f10x_tim.o
    0x0800127c   0x0800127c   0x00000014   Code   RO         4961    i.TIM_OCStructInit  stm32f10x_tim.o
    0x08001290   0x08001290   0x00000004   Code   RO         4975    i.TIM_SetCompare1   stm32f10x_tim.o
    0x08001294   0x08001294   0x000000a4   Code   RO         4985    i.TIM_TimeBaseInit  stm32f10x_tim.o
    0x08001338   0x08001338   0x00000024   Code   RO          619    i.USART1_IRQHandler  usart_model.o
    0x0800135c   0x0800135c   0x000000b4   Code   RO          620    i.USART1_Init       usart_model.o
    0x08001410   0x08001410   0x00000018   Code   RO         5462    i.USART_Cmd         stm32f10x_usart.o
    0x08001428   0x08001428   0x00000012   Code   RO         5463    i.USART_DMACmd      stm32f10x_usart.o
    0x0800143a   0x0800143a   0x0000001a   Code   RO         5465    i.USART_GetFlagStatus  stm32f10x_usart.o
    0x08001454   0x08001454   0x00000054   Code   RO         5466    i.USART_GetITStatus  stm32f10x_usart.o
    0x080014a8   0x080014a8   0x0000004a   Code   RO         5468    i.USART_ITConfig    stm32f10x_usart.o
    0x080014f2   0x080014f2   0x00000002   PAD
    0x080014f4   0x080014f4   0x000000d8   Code   RO         5469    i.USART_Init        stm32f10x_usart.o
    0x080015cc   0x080015cc   0x00000058   Code   RO          621    i.USART_RxDMA_Config  usart_model.o
    0x08001624   0x08001624   0x00000008   Code   RO         5479    i.USART_SendData    stm32f10x_usart.o
    0x0800162c   0x0800162c   0x00000068   Code   RO          498    i.WaitAT            esp8266.o
    0x08001694   0x08001694   0x00000028   Code   RO         6034    i.__0sprintf        mc_w.l(printfa.o)
    0x080016bc   0x080016bc   0x0000000e   Code   RO         6169    i.__scatterload_copy  mc_w.l(handlers.o)
    0x080016ca   0x080016ca   0x00000002   Code   RO         6170    i.__scatterload_null  mc_w.l(handlers.o)
    0x080016cc   0x080016cc   0x0000000e   Code   RO         6171    i.__scatterload_zeroinit  mc_w.l(handlers.o)
    0x080016da   0x080016da   0x00000002   PAD
    0x080016dc   0x080016dc   0x00000184   Code   RO         6039    i._fp_digits        mc_w.l(printfa.o)
    0x08001860   0x08001860   0x000006b4   Code   RO         6040    i._printf_core      mc_w.l(printfa.o)
    0x08001f14   0x08001f14   0x00000024   Code   RO         6041    i._printf_post_padding  mc_w.l(printfa.o)
    0x08001f38   0x08001f38   0x0000002e   Code   RO         6042    i._printf_pre_padding  mc_w.l(printfa.o)
    0x08001f66   0x08001f66   0x0000000a   Code   RO         6044    i._sputc            mc_w.l(printfa.o)
    0x08001f70   0x08001f70   0x000001f4   Code   RO          499    i.connectMQTT       esp8266.o
    0x08002164   0x08002164   0x00000010   Code   RO            7    i.connectWifiTask   main.o
    0x08002174   0x08002174   0x00000084   Code   RO          716    i.dianjiInit        dianji.o
    0x080021f8   0x080021f8   0x0000000a   Code   RO            8    i.dianjiTask        main.o
    0x08002202   0x08002202   0x00000002   PAD
    0x08002204   0x08002204   0x000000d8   Code   RO            9    i.main              main.o
    0x080022dc   0x080022dc   0x00000064   Code   RO          623    i.processNewData    usart_model.o
    0x08002340   0x08002340   0x000000c0   Code   RO         1176    i.prvAddCurrentTaskToDelayedList  tasks.o
    0x08002400   0x08002400   0x000000e4   Code   RO         1177    i.prvAddNewTaskToReadyList  tasks.o
    0x080024e4   0x080024e4   0x00000048   Code   RO         1178    i.prvCheckTasksWaitingTermination  tasks.o
    0x0800252c   0x0800252c   0x00000012   Code   RO         1179    i.prvDeleteTCB      tasks.o
    0x0800253e   0x0800253e   0x00000002   PAD
    0x08002540   0x08002540   0x00000070   Code   RO         1503    i.prvHeapInit       heap_4.o
    0x080025b0   0x080025b0   0x00000028   Code   RO         1180    i.prvIdleTask       tasks.o
    0x080025d8   0x080025d8   0x0000007c   Code   RO         1181    i.prvInitialiseNewTask  tasks.o
    0x08002654   0x08002654   0x00000068   Code   RO         1182    i.prvInitialiseTaskLists  tasks.o
    0x080026bc   0x080026bc   0x00000068   Code   RO         1504    i.prvInsertBlockIntoFreeList  heap_4.o
    0x08002724   0x08002724   0x00000030   Code   RO         1183    i.prvResetNextTaskUnblockTime  tasks.o
    0x08002754   0x08002754   0x00000016   Code   RO         1566    i.prvTaskExitError  port.o
    0x0800276a   0x0800276a   0x00000002   PAD
    0x0800276c   0x0800276c   0x000000e4   Code   RO         1506    i.pvPortMalloc      heap_4.o
    0x08002850   0x08002850   0x00000024   Code   RO         1567    i.pxPortInitialiseStack  port.o
    0x08002874   0x08002874   0x00000028   Code   RO          841    i.uxListRemove      list.o
    0x0800289c   0x0800289c   0x0000001a   Code   RO          842    i.vListInitialise   list.o
    0x080028b6   0x080028b6   0x00000006   Code   RO          843    i.vListInitialiseItem  list.o
    0x080028bc   0x080028bc   0x00000034   Code   RO          844    i.vListInsert       list.o
    0x080028f0   0x080028f0   0x00000018   Code   RO          845    i.vListInsertEnd    list.o
    0x08002908   0x08002908   0x00000024   Code   RO         1569    i.vPortEnterCritical  port.o
    0x0800292c   0x0800292c   0x00000020   Code   RO         1570    i.vPortExitCritical  port.o
    0x0800294c   0x0800294c   0x0000004c   Code   RO         1507    i.vPortFree         heap_4.o
    0x08002998   0x08002998   0x00000018   Code   RO         1571    i.vPortSetupTimerInterrupt  port.o
    0x080029b0   0x080029b0   0x00000034   Code   RO         1192    i.vTaskDelay        tasks.o
    0x080029e4   0x080029e4   0x000000d4   Code   RO         1193    i.vTaskDelete       tasks.o
    0x08002ab8   0x08002ab8   0x0000006c   Code   RO         1205    i.vTaskStartScheduler  tasks.o
    0x08002b24   0x08002b24   0x00000010   Code   RO         1207    i.vTaskSuspendAll   tasks.o
    0x08002b34   0x08002b34   0x00000060   Code   RO         1208    i.vTaskSwitchContext  tasks.o
    0x08002b94   0x08002b94   0x00000034   Code   RO         1572    i.xPortStartScheduler  port.o
    0x08002bc8   0x08002bc8   0x00000068   Code   RO         1211    i.xTaskCreate       tasks.o
    0x08002c30   0x08002c30   0x00000190   Code   RO         1220    i.xTaskIncrementTick  tasks.o
    0x08002dc0   0x08002dc0   0x0000015c   Code   RO         1224    i.xTaskResumeAll    tasks.o
    0x08002f1c   0x08002f1c   0x000005f0   Data   RO          348    .constdata          oled.o
    0x0800350c   0x0800350c   0x00000078   Data   RO          501    .conststring        esp8266.o
    0x08003584   0x08003584   0x00000020   Data   RO         6167    Region$$Table       anon$$obj.o


    Execution Region RW_IRAM1 (Exec base: 0x20000000, Load base: 0x080035a4, Size: 0x00004bb0, Max: 0x00005000, ABSOLUTE)

    Exec Addr    Load Addr    Size         Type   Attr      Idx    E Section Name        Object

    0x20000000   0x080035a4   0x00000014   Data   RW           10    .data               main.o
    0x20000014   0x080035b8   0x00000006   Data   RW          625    .data               usart_model.o
    0x2000001a   0x080035be   0x00000002   PAD
    0x2000001c   0x080035c0   0x00000040   Data   RW         1227    .data               tasks.o
    0x2000005c   0x08003600   0x0000001c   Data   RW         1513    .data               heap_4.o
    0x20000078   0x0800361c   0x00000004   Data   RW         1573    .data               port.o
    0x2000007c   0x08003620   0x00000014   Data   RW         4262    .data               stm32f10x_rcc.o
    0x20000090        -       0x00000258   Zero   RW          624    .bss                usart_model.o
    0x200002e8        -       0x000000c8   Zero   RW         1226    .bss                tasks.o
    0x200003b0        -       0x00004400   Zero   RW         1512    .bss                heap_4.o
    0x200047b0        -       0x00000400   Zero   RW         5713    STACK               startup_stm32f10x_md.o


==============================================================================

Image component sizes


      Code (inc. data)   RO Data    RW Data    ZI Data      Debug   Object Name

       160          6          0          0          0        632   breathled.o
        70          0          0          0          0        954   delay.o
       132          6          0          0          0        573   dianji.o
       896        376        120          0          0       3084   esp8266.o
         0          0          0          0          0       2496   event_groups.o
       520         58          0         28      17408       4515   heap_4.o
       112         18          0          0          0       1794   led.o
       148          0          0          0          0       3186   list.o
       362         88          0         20          0     281229   main.o
       112         12          0          0          0       1144   misc.o
       430         18       1520          0          0       4918   oled.o
       404         48          0          4          0       8880   port.o
        36          8        236          0       1024        832   startup_stm32f10x_md.o
        92          0          0          0          0       3538   stm32f10x_dma.o
       314          0          0          0          0       4505   stm32f10x_gpio.o
       308         38          0         20          0       5226   stm32f10x_rcc.o
       546         72          0          0          0       5668   stm32f10x_tim.o
       450          6          0          0          0       6552   stm32f10x_usart.o
       328         28          0          0          0       2077   system_stm32f10x.o
      2162        300          0         64        200      26673   tasks.o
       458         54          0          6        600       4206   usart_model.o

    ----------------------------------------------------------------------
      8060       1136       1908        144      19232     372682   Object Totals
         0          0         32          0          0          0   (incl. Generated)
        20          0          0          2          0          0   (incl. Padding)

    ----------------------------------------------------------------------

      Code (inc. data)   RO Data    RW Data    ZI Data      Debug   Library Member Name

         0          0          0          0          0          0   entry.o
         0          0          0          0          0          0   entry10a.o
         0          0          0          0          0          0   entry11a.o
         4          0          0          0          0          0   entry12b.o
         8          4          0          0          0          0   entry2.o
         4          0          0          0          0          0   entry5.o
         0          0          0          0          0          0   entry7b.o
         0          0          0          0          0          0   entry8b.o
         8          4          0          0          0          0   entry9a.o
        30          0          0          0          0          0   handlers.o
        36          8          0          0          0         68   init.o
         0          0          0          0          0          0   iusefp.o
        30          0          0          0          0         68   llshl.o
        36          0          0          0          0         68   llsshr.o
        32          0          0          0          0         68   llushr.o
        36          0          0          0          0        108   memseta.o
      2236         86          0          0          0        532   printfa.o
        14          0          0          0          0         68   strlen.o
        36          0          0          0          0         80   strstr.o
        44          0          0          0          0         80   uidiv.o
        98          0          0          0          0         92   uldiv.o
        48          0          0          0          0         68   cdrcmple.o
       334          0          0          0          0        148   dadd.o
       222          0          0          0          0        100   ddiv.o
       186          0          0          0          0        176   depilogue.o
        48          0          0          0          0         68   dfixul.o
       228          0          0          0          0         96   dmul.o
        38          0          0          0          0         68   f2d.o

    ----------------------------------------------------------------------
      3764        102          0          0          0       1956   Library Totals
         8          0          0          0          0          0   (incl. Padding)

    ----------------------------------------------------------------------

      Code (inc. data)   RO Data    RW Data    ZI Data      Debug   Library Name

      2652        102          0          0          0       1232   mc_w.l
      1104          0          0          0          0        724   mf_w.l

    ----------------------------------------------------------------------
      3764        102          0          0          0       1956   Library Totals

    ----------------------------------------------------------------------

==============================================================================


      Code (inc. data)   RO Data    RW Data    ZI Data      Debug   

     11824       1238       1908        144      19232     368914   Grand Totals
     11824       1238       1908        144      19232     368914   ELF Image Totals
     11824       1238       1908        144          0          0   ROM Totals

==============================================================================

    Total RO  Size (Code + RO Data)                13732 (  13.41kB)
    Total RW  Size (RW Data + ZI Data)             19376 (  18.92kB)
    Total ROM Size (Code + RO Data + RW Data)      13876 (  13.55kB)

==============================================================================

